---
source: crates/zoid-tui/tests/chat_snapshot.rs
assertion_line: 12
expression: terminal.backend().to_string()
---
" zoid CHAT ⎇ main                                           "
"  (no messages yet)                                         "
"                                                            "
"                                                            "
"                                                            "
"                                                            "
"┌ message ─────────────────────────────────────────────────┐"
"│                                                          │"
"└──────────────────────────────────────────────────────────┘"
" CHAT · ⇧Tab Build · ⏎ send · ^C quit                       "
