---
source: crates/zoid-tui/tests/chat_snapshot.rs
expression: "draw(&[], false)"
---
" zoid CHAT ⎇ main                                           "
"  (no messages yet)                                         "
"                                                            "
"                                                            "
"                                                            "
"                                                            "
"                                                            "
"                                                            "
"┌ message ─────────────────────────────────────────────────┐"
"│                                                          │"
"└──────────────────────────────────────────────────────────┘"
" CHAT · ⇧Tab Build · ⏎ send · ^Q quit                       "
