---
source: crates/zoid-tui/tests/chat_snapshot.rs
expression: "draw(&msgs, true)"
---
" zoid CHAT ⎇ main                                           "
"00:00 › hi                                                  "
"                                                            "
"00:00 zoid thinking▌                                        "
"                                                            "
"                                                            "
"                                                            "
"                                                            "
"┌ message ─────────────────────────────────────────────────┐"
"│                                                          │"
"└──────────────────────────────────────────────────────────┘"
" CHAT · ⇧Tab Build · ⏎ send · ^C quit                       "
