---
source: crates/zoid-tui/tests/chat_snapshot.rs
assertion_line: 38
expression: terminal.backend().to_string()
---
" zoid CHAT ⎇ main                                           "
"› hi                                                        "
"zoid thinking▌                                              "
"                                                            "
"                                                            "
"                                                            "
"┌ message ─────────────────────────────────────────────────┐"
"│                                                          │"
"└──────────────────────────────────────────────────────────┘"
" CHAT · ⇧Tab Build · ⏎ send · ^C quit                       "
