---
source: crates/zoid-tui/tests/session_snapshot.rs
expression: out
---
"v0.8.0                                                                        zoid                                        Esc interrupt · : command · ^P palette"
"    (no messages yet)                                                                                             █ ╭ ▾ repo ─────────────────────────────────╮ "
"                                                                                                                  █ │📦 repo   ⎇ main                         │ " Hidden by multi-width symbols: [(118, " ")]
"                                                                                                                  █ │🔧 worktree (none)                       │ " Hidden by multi-width symbols: [(118, " ")]
"                                                                                                                  █ │📝 changes +0 -0 · 0 files               │ " Hidden by multi-width symbols: [(118, " ")]
"                                                                                                                  █ ╰─────────────────────────────────────────╯ "
"                                                                                                                  █                                             "
"                                                                                                                  █ ╭ ▾ session ──────────────────────────────╮ "
"                                                                                                                  █ │🟢 fix 500 on GET /users                 │ " Hidden by multi-width symbols: [(118, " ")]
"                                                                                                                  █ │🤖 glm-5.2 · ollama                      │ " Hidden by multi-width symbols: [(118, " ")]
"                                                                                                                  █ │⌚ tok 58k  tps 0                        │ " Hidden by multi-width symbols: [(118, " ")]
"                                                                                                                  █ │📊 ctx 58k/200k ██░░░░░░                 │ " Hidden by multi-width symbols: [(118, " ")]
"                                                                                                                  █ │📁 cwd ~/develop/projects/zoid/crates/zo…│ " Hidden by multi-width symbols: [(118, " ")]
"                                                                                                                  █ ╰─────────────────────────────────────────╯ "
"                                                                                                                  █                                             "
"                                                                                                                  █ ╭ ▾ context · tokens ─────────────────────╮ "
"                                                                                                                  █ │churn                              cache │ "
"                                                                                                                  █ │                                         │ "
"                                                                                                                  █ │                                         │ "
"                                                                                                                  █ │                                         │ "
"                                                                                                                  █ │                                         │ "
"                                                                                                                  █ │                                         │ "
"                                                                                                                  █ │                                         │ "
"                                                                                                                  █ ╰─────────────────────────────────────────╯ "
"                                                                                                                  █                                             "
"                                                                                                                  █ ╭ ▾ tasks ────────────────────────────────╮ "
"                                                                                                                  █ │none                                     │ "
"                                                                                                                  █ ╰─────────────────────────────────────────╯ "
"                                                                                                                  █                                             "
"                                                                                                                  █ ╭ ▾ subagents ────────────────────────────╮ "
"                                                                                                                  █ │none                                     │ "
"                                                                                                                  █ ╰─────────────────────────────────────────╯ "
"                                                                                                                  █                                             "
"                                                                                                                  █                                             "
"                                                                                                                  █                                             "
"                                                                                                                  █                                             "
"                                                                                                                  █                                             "
"                                                                                                                  █                                             "
"                                                                                                                  █                                             "
"                                                                                                                  █                                             "
"                                                                                                                  █                                             "
"                                                                                                                  █                                             "
"                                                                                                                  █                                             "
"                                                                                                                  █                                             "
"                                                                                                                  █                                             "
"                                                                                                                  █                                             "
"                                                                                                                  █                                             "
"                                                                                                                  █                                             "
"┌ message ─────────────────────────────────────────────────────────────────────────────────────────────────────────────────────────────────────────────────────┐"
"│                                                                                                                                                              │"
"└──────────────────────────────────────────────────────────────────────────────────────────────────────────────────────────────────────────────────────────────┘"
" CHAT   SELECT                                                ⊟ compact     ● idle      ◐ tool                                                      zoom normal "
