---
source: crates/zoid-tui/tests/session_snapshot.rs
expression: "draw(&s, &[], 160, 40)"
---
"v0.8.0                                                                        zoid                                        Esc interrupt · : command · ^P palette"
"    (no messages yet)                                                                                             █ ╭ ▾ repo ─────────────────────────────────╮ "
"                                                                                                                  █ │📦 repo   ⎇ main                         │ " Hidden by multi-width symbols: [(118, " ")]
"                                                                                                                  █ │🔧 worktree (none)                       │ " Hidden by multi-width symbols: [(118, " ")]
"                                                                                                                  █ │📝 changes +0 -0 · 0 files               │ " Hidden by multi-width symbols: [(118, " ")]
"                                                                                                                  █ ╰─────────────────────────────────────────╯ "
"                     ┌ ↺ resume session ────────────────────────────────────────────────────┐                     █                                             "
"                     │ fix 500 on GET /users  ·  12m ago  ·  58k                            │                     █ ╭ ▾ session ──────────────────────────────╮ "
"                     │ rail restructure       ·  3h ago   ·  120k                           │                     █ │🟢 (unnamed)                             │ " Hidden by multi-width symbols: [(118, " ")]
"                     │                                                                      │                     █ │🤖  ·                                    │ " Hidden by multi-width symbols: [(118, " ")]
"                     │                                                                      │                     █ │⌚ tok 0  tps 0                          │ " Hidden by multi-width symbols: [(118, " ")]
"                     │                                                                      │                     █ │📊 ctx 0                                 │ " Hidden by multi-width symbols: [(118, " ")]
"                     │                                                                      │                     █ │📁 cwd                                   │ " Hidden by multi-width symbols: [(118, " ")]
"                     │                                                                      │                     █ ╰─────────────────────────────────────────╯ "
"                     │                                                                      │                     █                                             "
"                     │                                                                      │                     █ ╭ ▾ context · tokens ─────────────────────╮ "
"                     │                                                                      │                     █ │churn                              cache │ "
"                     │                                                                      │                     █ │                                         │ "
"                     │                                                                      │                     █ │                                         │ "
"                     │                                                                      │                     █ │                                         │ "
"                     │                                                                      │                     █ │                                         │ "
"                     │                                                                      │                     █ │                                         │ "
"                     │                                                                      │                     █ │                                         │ "
"                     └──────────────────────────────────────────────────────────────────────┘                     █ ╰─────────────────────────────────────────╯ "
"                                                                                                                  █                                             "
"                                                                                                                  █ ╭ ▾ tasks ────────────────────────────────╮ "
"                                                                                                                  █ │none                                     │ "
"                                                                                                                  █ ╰─────────────────────────────────────────╯ "
"                                                                                                                  █                                             "
"                                                                                                                  █ ╭ ▾ subagents ────────────────────────────╮ "
"                                                                                                                  █ │none                                     │ "
"                                                                                                                  █ ╰─────────────────────────────────────────╯ "
"                                                                                                                  █                                             "
"                                                                                                                  █                                             "
"                                                                                                                  █                                             "
"                                                                                                                  █                                             "
"┌ message ─────────────────────────────────────────────────────────────────────────────────────────────────────────────────────────────────────────────────────┐"
"│                                                                                                                                                              │"
"└──────────────────────────────────────────────────────────────────────────────────────────────────────────────────────────────────────────────────────────────┘"
" CHAT   SELECT                                                ⊟ compact     ● idle      ◐ tool                                                      zoom normal "
