---
source: crates/zoid-tui/tests/session_snapshot.rs
expression: out
---
"v0.3.0                                          zoid          Esc interrupt · : command · ^P palette"
"    (no messages yet)                                 █ ╭ ▾ repo ─────────────────────────────────╮ "
"                                                      █ │📦 repo   ⎇ main                         │ " Hidden by multi-width symbols: [(58, " ")]
"                                                      █ │🔧 worktree (none)                       │ " Hidden by multi-width symbols: [(58, " ")]
"                                                      █ │📝 changes +0 -0 · 0 files               │ " Hidden by multi-width symbols: [(58, " ")]
"                                                      █ ╰─────────────────────────────────────────╯ "
"                                                      █                                             "
"                                                      █ ╭ ▾ session ──────────────────────────────╮ "
"                                                      █ │🟢 fix 500 on GET /users                 │ " Hidden by multi-width symbols: [(58, " ")]
"                                                      █ │🤖 glm-5.2 · ollama                      │ " Hidden by multi-width symbols: [(58, " ")]
"                                                      █ │⌚ tok 58k  tps 0                        │ " Hidden by multi-width symbols: [(58, " ")]
"                                                      █ │📊 ctx 58k/200k ██░░░░░░                 │ " Hidden by multi-width symbols: [(58, " ")]
"                                                      █ │📁 cwd ~/develop/projects/zoid/crates/zo…│ " Hidden by multi-width symbols: [(58, " ")]
"                                                      █ ╰─────────────────────────────────────────╯ "
"                                                      █                                             "
"                                                      █ ╭ ▾ context · tokens ─────────────────────╮ "
"                                                      █ │churn                              cache │ "
"                                                      █ │                                         │ "
"                                                      █ │                                         │ "
"                                                      █ │                                         │ "
"                                                      █ │                                         │ "
"                                                      █ │                                         │ "
"                                                      █ │                                         │ "
"                                                      █ ╰─────────────────────────────────────────╯ "
"                                                      █                                             "
"                                                      █ ╭ ▾ tasks ────────────────────────────────╮ "
"                                                      █ │no tasks                                 │ "
"                                                      █ ╰─────────────────────────────────────────╯ "
"                                                      █                                             "
"                                                      █                                             "
"                                                      █                                             "
"                                                      █                                             "
"                                                      █                                             "
"                                                      █                                             "
"                                                      █                                             "
"                                                      █                                             "
"                                                      █                                             "
"                                                      █                                             "
"                                                      █                                             "
"                                                      █                                             "
"                                                      █                                             "
"                                                      █                                             "
"                                                      █                                             "
"                                                      █                                             "
"                                                      █                                             "
"                                                      █                                             "
"                                                      █                                             "
"                                                      █                                             "
"┌ message ─────────────────────────────────────────────────────────────────────────────────────────┐"
"│                                                                                                  │"
"└──────────────────────────────────────────────────────────────────────────────────────────────────┘"
" CHAT                           ⊟ compact     ● idle      ◐ tool                        zoom normal "
