---
source: crates/zoid-tui/tests/session_snapshot.rs
expression: "draw(&s, &[], 100, 24)"
---
"v0.3.2                                          zoid          Esc interrupt · : command · ^P palette"
"┌ ↺ resume session ───────────────────────────────────┐ ╭ ▾ repo ─────────────────────────────────╮ "
"│ fix 500 on GET /users  ·  12m ago  ·  58k           │ ╰─────────────────────────────────────────╯ "
"│ rail restructure       ·  3h ago   ·  120k          │                                             "
"│                                                     │ ╭ ▾ session ──────────────────────────────╮ "
"│                                                     │ │🟢 (unnamed)                             │ " Hidden by multi-width symbols: [(58, " ")]
"│                                                     │ ╰─────────────────────────────────────────╯ "
"│                                                     │                                             "
"│                                                     │ ╭ ▾ context · tokens ─────────────────────╮ "
"│                                                     │ │churn                              cache │ "
"│                                                     │ ╰─────────────────────────────────────────╯ "
"│                                                     │                                             "
"│                                                     │ ╭ ▾ tasks ────────────────────────────────╮ "
"│                                                     │ │no tasks                                 │ "
"│                                                     │ ╰─────────────────────────────────────────╯ "
"│                                                     │                                             "
"│                                                     │ ╭ ▾ subagents ────────────────────────────╮ "
"│                                                     │ │none                                     │ "
"└─────────────────────────────────────────────────────┘ ╰─────────────────────────────────────────╯ "
"                                                      █                                             "
"┌ message ─────────────────────────────────────────────────────────────────────────────────────────┐"
"│                                                                                                  │"
"└──────────────────────────────────────────────────────────────────────────────────────────────────┘"
" CHAT                           ⊟ compact     ● idle      ◐ tool                        zoom normal "
