---
source: crates/zoid-tui/tests/session_snapshot.rs
expression: "draw(&s, &[], 160, 40)"
---
"v1.1.1                                                                        zoid                                        Esc interrupt · : command · ^P palette"
"    (no messages yet)                                                                                             █ ╭ ▾ repo ─────────────────────────────────╮ "
"                                                                                                                  █ │📦 zoid   ⎇ main                         │ " Hidden by multi-width symbols: [(118, " ")]
"                                                                                                                  █ │🔧 worktree (none)                       │ " Hidden by multi-width symbols: [(118, " ")]
"                                                                                                                  █ │📝 changes +128 -34 · 7 files            │ " Hidden by multi-width symbols: [(118, " ")]
"                                                                                                                  █ ╰─────────────────────────────────────────╯ "
"                                                                                                                  █                                             "
"                                                                                                                  █ ╭ ▾ session ──────────────────────────────╮ "
"                                                                                                                  █ │🟢 (unnamed)                             │ " Hidden by multi-width symbols: [(118, " ")]
"                                                                                                                  █ │🤖  ·                                    │ " Hidden by multi-width symbols: [(118, " ")]
"                                                                                                                  █ │⌚ tok 0  tps 0                          │ " Hidden by multi-width symbols: [(118, " ")]
"                                                                                                                  █ │📊 ctx 0                                 │ " Hidden by multi-width symbols: [(118, " ")]
"                                                                                                                  █ │📁 cwd                                   │ " Hidden by multi-width symbols: [(118, " ")]
"                                                                                                                  █ ╰─────────────────────────────────────────╯ "
"                                                                                                                  █                                             "
"                                                                                                                  █ ╭ ▾ context · tokens ─────────────────────╮ "
"                                                                                                                  █ │churn                              cache │ "
"                                                                                                                  █ │                                         │ "
"                                                                                                                  █ │                                         │ "
"                                                                                                                  █ │                                         │ "
"                                                                                                                  █ │                                         │ "
"                                                                                                                  █ │                                         │ "
"                                                                                                                  █ │                                         │ "
"                                                                                                                  █ ╰─────────────────────────────────────────╯ "
"                                                                                                                  █                                             "
"                                                                                                                  █ ╭ ▾ subagents ────────────────────────────╮ "
"                                                                                                                  █ │none                                     │ "
"                                                                                                                  █ ╰─────────────────────────────────────────╯ "
"                                                                                                                  █                                             "
"                                                                                                                  █ ╭ ▾ tasks ────────────────────────────────╮ "
"                                                                                                                  █ │none                                     │ "
"                                                                                                                  █ ╰─────────────────────────────────────────╯ "
"                                                                                                                  █                                             "
"                                                                                                                  █                                             "
"                                                                                                                  █                                             "
"                                                                                                                  █                                             "
"┌ message ─────────────────────────────────────────────────────────────────────────────────────────────────────────────────────────────────────────────────────┐"
"│                                                                                                                                                              │"
"└──────────────────────────────────────────────────────────────────────────────────────────────────────────────────────────────────────────────────────────────┘"
" CHAT                                                         ⊟ compact     ● idle      ◐ tool                                                  SELECT   Normal "
