---
source: crates/zoid-tui/tests/session_snapshot.rs
assertion_line: 65
expression: "draw(&s, &[], 100, 24)"
---
"                                                                                                    "
"    (no messages yet)                                   ╭ ▾ repo ─────────────────────────────────╮ "
"                                                        │📦 zoid   ⎇ main                         │ " Hidden by multi-width symbols: [(58, " ")]
"                                                        ╰─────────────────────────────────────────╯ "
"                                                                                                    "
"                                                        ╭ ▾ session ──────────────────────────────╮ "
"                                                        │🟢 (unnamed)                             │ " Hidden by multi-width symbols: [(58, " ")]
"                                                        │🤖  ·                                    │ " Hidden by multi-width symbols: [(58, " ")]
"                                                        │⌚ dur 0m   tok 0                        │ " Hidden by multi-width symbols: [(58, " ")]
"                                                        │📊 ctx 0                                 │ " Hidden by multi-width symbols: [(58, " ")]
"                                                        ╰─────────────────────────────────────────╯ "
"                                                                                                    "
"                                                        ╭ ▾ context · tokens ─────────────────────╮ "
"                                                        │churn                              cache │ "
"                                                        ╰─────────────────────────────────────────╯ "
"                                                                                                    "
"                                                        ╭ ▾ tasks ────────────────────────────────╮ "
"                                                        │no tasks                                 │ "
"                                                        ╰─────────────────────────────────────────╯ "
"                                                                                                    "
"┌ message ─────────────────────────────────────────────────────────────────────────────────────────┐"
"│                                                                                                  │"
"└──────────────────────────────────────────────────────────────────────────────────────────────────┘"
" CHAT  zoom normal · ^P palette                ● idle                                          zoid "
