---
source: crates/zoid-tui/tests/session_snapshot.rs
expression: "draw(&s, &[], 100, 24)"
---
"                                                zoid                                      ^P palette"
"┌ ↺ resume session ───────────────────────────────────┐ ╭ ▾ repo ─────────────────────────────────╮ "
"│ fix 500 on GET /users  ·  12m ago  ·  58k           │ │📦 repo   ⎇ main                         │ " Hidden by multi-width symbols: [(58, " ")]
"│ rail restructure       ·  3h ago   ·  120k          │ ╰─────────────────────────────────────────╯ "
"│                                                     │                                             "
"│                                                     │ ╭ ▾ session ──────────────────────────────╮ "
"│                                                     │ │🟢 (unnamed)                             │ " Hidden by multi-width symbols: [(58, " ")]
"│                                                     │ │🤖  ·                                    │ " Hidden by multi-width symbols: [(58, " ")]
"│                                                     │ │⌚ dur 0m   tok 0   cac n/a              │ " Hidden by multi-width symbols: [(58, " ")]
"│                                                     │ │📊 ctx 0                                 │ " Hidden by multi-width symbols: [(58, " ")]
"│                                                     │ ╰─────────────────────────────────────────╯ "
"│                                                     │                                             "
"│                                                     │ ╭ ▾ context · tokens ─────────────────────╮ "
"│                                                     │ │churn                              cache │ "
"│                                                     │ ╰─────────────────────────────────────────╯ "
"│                                                     │                                             "
"│                                                     │ ╭ ▾ tasks ────────────────────────────────╮ "
"│                                                     │ │no tasks                                 │ "
"└─────────────────────────────────────────────────────┘ ╰─────────────────────────────────────────╯ "
"                                                      █                                             "
"┌ message ─────────────────────────────────────────────────────────────────────────────────────────┐"
"│                                                                                                  │"
"└──────────────────────────────────────────────────────────────────────────────────────────────────┘"
" CHAT                                          ● idle                                   zoom normal "
