---
source: crates/zoid-tui/tests/session_snapshot.rs
expression: out
---
" zoid ● idle                                                                                        "
"  (no messages yet)                                     chat rail                                   "
"                                                        ▾ repo                                      "
"                                                         repo   ⎇ main                              "
"                                                         worktree (none)                            "
"                                                         changes +0 -0 · 0 files                    "
"                                                                                                    "
"                                                        ▾ session                                   "
"                                                         fix 500 on GET /users                      "
"                                                         glm-5.2 · ollama                           "
"                                                         dur 12m   tok 58k                          "
"                                                         ctx 58k/200k                               "
"                                                         cwd ~/develop/projects/zoid/crates/zoid-t… "
"                                                                                                    "
"                                                        ▾ ⑤ context · tokens                        "
"                                                         churn                                      "
"                                                         [x] evict cold                           0 "
"                                                                                                    "
"                                                                                                    "
"                                                                                                    "
"┌ message ─────────────────────────────────────────────────────────────────────────────────────────┐"
"│                                                                                                  │"
"└──────────────────────────────────────────────────────────────────────────────────────────────────┘"
" CHAT  zoom normal · ^P palette                                                                     "
