---
source: crates/zoid-tui/tests/shell_snapshot.rs
expression: "draw(&s, &seeded(), 100, 24)"
---
" zoid ● idle                                                                                        "
"00:00 › what's causing the 500?                         chat rail                                   "
"00:00 zoid an unwrapped lookup in the handler.          ▾ repo                                      "
"                                                         repo · Task 12                             "
"                                                                                                    "
"                                                                                                    "
"                                                                                                    "
"                                                        ▾ session                                   "
"                                                         session · Task 13                          "
"                                                                                                    "
"                                                                                                    "
"                                                                                                    "
"                                                                                                    "
"                                                                                                    "
"                                                        ▾ ⑤ context · tokens                        "
"                                                         churn                                      "
"                                                         [x] evict cold                           0 "
"                                                                                                    "
"                                                                                                    "
"                                                                                                    "
"┌ message ─────────────────────────────────────────────────────────────────────────────────────────┐"
"│                                                                                                  │"
"└──────────────────────────────────────────────────────────────────────────────────────────────────┘"
":build▌                                                                                             "
