---
source: crates/zoid-tui/tests/shell_snapshot.rs
expression: "draw(&s, &[], 100, 24)"
---
"                                                zoid                                      ^P palette"
"                                                        ╭ ▾ repo ─────────────────────────────────╮ "
"  ◐ BUILD mode                                          │📦 repo   ⎇ main                         │ " Hidden by multi-width symbols: [(58, " ")]
"  The autonomous loop is coming soon.                   ╰─────────────────────────────────────────╯ "
"  ⇧Tab / :chat → back to Chat                                                                       "
"                                                        ╭ ▾ session ──────────────────────────────╮ "
"                                                        │🟢 (unnamed)                             │ " Hidden by multi-width symbols: [(58, " ")]
"                                                        │🤖  ·                                    │ " Hidden by multi-width symbols: [(58, " ")]
"                                                        │⌚ dur 0m   tok/cac 0                    │ " Hidden by multi-width symbols: [(58, " ")]
"                                                        │📊 ctx 0                                 │ " Hidden by multi-width symbols: [(58, " ")]
"                                                        ╰─────────────────────────────────────────╯ "
"                                                                                                    "
"                                                        ╭ ▾ context · tokens ─────────────────────╮ "
"                                                        │churn                              cache │ "
"                                                        ╰─────────────────────────────────────────╯ "
"                                                                                                    "
"                                                        ╭ ▾ tasks ────────────────────────────────╮ "
"                                                        │no tasks                                 │ "
"                                                        ╰─────────────────────────────────────────╯ "
"                                                                                                    "
"┌ message ─────────────────────────────────────────────────────────────────────────────────────────┐"
"│                                                                                                  │"
"└──────────────────────────────────────────────────────────────────────────────────────────────────┘"
" BUILD                                         ● idle                        phase —/— · esc → Chat "
