---
source: crates/zoid-tui/tests/shell_snapshot.rs
expression: "draw(&s, &seeded(), 100, 24)"
---
"v0.3.0                                          zoid          Esc interrupt · : command · ^P palette"
"┌ ›  ─────────────────────────────────────────────────┐ ╭ ▾ repo ─────────────────────────────────╮ "
"│ New session                                         │ │📦 repo   ⎇ main                         │ " Hidden by multi-width symbols: [(58, " ")]
"│ Resume session…                                     │ ╰─────────────────────────────────────────╯ "
"│ Rename session…                                     │                                             "
"│ Delegate task…                                      │ ╭ ▾ session ──────────────────────────────╮ "
"│ Import mode from URL…                               │ │🟢 (unnamed)                             │ " Hidden by multi-width symbols: [(58, " ")]
"│ Update mode…                                        │ │🤖  ·                                    │ " Hidden by multi-width symbols: [(58, " ")]
"│ Switch to Build                                     │ │⌚ tok 0  tps 0                          │ " Hidden by multi-width symbols: [(58, " ")]
"│ Reload modes                                        │ │📊 ctx 0                                 │ " Hidden by multi-width symbols: [(58, " ")]
"│ Toggle repo drawer                                  │ ╰─────────────────────────────────────────╯ "
"│ Toggle session drawer                               │                                             "
"│ Toggle context drawer                               │ ╭ ▾ context · tokens ─────────────────────╮ "
"│ Open settings                                       │ │churn                              cache │ "
"│ MCP servers…                                        │ ╰─────────────────────────────────────────╯ "
"│ Submit feedback…                                    │                                             "
"│ Enable companion                                    │ ╭ ▾ tasks ────────────────────────────────╮ "
"│ Quit zoid                                           │ │no tasks                                 │ "
"└─────────────────────────────────────────────────────┘ ╰─────────────────────────────────────────╯ "
"                                                      █                                             "
"┌ message ─────────────────────────────────────────────────────────────────────────────────────────┐"
"│                                                                                                  │"
"└──────────────────────────────────────────────────────────────────────────────────────────────────┘"
" CHAT                           ⊟ compact     ● idle      ◐ tool                        zoom normal "
