---
source: crates/zoid-tui/tests/shell_snapshot.rs
expression: rendered
---
"v0.3.2                      zoidEsc interrupt · : command · "
"  00:00 zoid ┌───────┬──────┬───────────────────────────── █"
"             │ Name  │ Kind │                           No █"
"             ├───────┼──────┼───────────────────────────── █"
"             │ alpha │ code │   long enough to maybe wrap  █"
"             │       │      │                         narr █"
"             │ bold  │  x   │                          sho █"
"             └───────┴──────┴───────────────────────────── █"
"                                                           █"
"                                                           █"
"                                                           █"
"                                                           █"
"                                                           █"
"                                                           █"
"┌ message ─────────────────────────────────────────────────┐"
"│                                                          │"
"└──────────────────────────────────────────────────────────┘"
" CHAT       ⊟ compact     ● idle      ◐ tool    zoom normal "
