---
source: crates/zoid-tui/tests/shell_snapshot.rs
expression: terminal.backend().to_string()
---
"                                                                                                                                                                "
"                                                                                                                                                                "
"                                                                                                                                                                "
"                                                                                                                                                                "
"                                                                                                                                                                "
"                                                                                                                                                                "
"                                                                                                                                                                "
"                                                                                                                                                                "
"                                                                                                                                                                "
"                                                                                                                                                                "
"                                                  ╭ zoid · quick switch ─────────────────────────────────────╮                                                  "
"                                                  │ Provider                     Model                       │                                                  "
"                                                  │   ollama · local  http  h…     claude-sonnet-4-6         │                                                  "
"                                                  │ ▸ ollama · cloud  http  h…     claude-opus-4-8           │                                                  "
"                                                  │   anthropic · api key  ht…                               │                                                  "
"                                                  │   anthropic · Claude Code…                               │                                                  "
"                                                  │   anthropic · SDK  sdk  —…                               │                                                  "
"                                                  │ Left/Right pane · Up/Down move · Enter apply · Esc cancel│                                                  "
"                                                  ╰──────────────────────────────────────────────────────────╯                                                  "
"                                                                                                                                                                "
"                                                                                                                                                                "
"                                                                                                                                                                "
"                                                                                                                                                                "
"                                                                                                                                                                "
"                                                                                                                                                                "
"                                                                                                                                                                "
"                                                                                                                                                                "
"                                                                                                                                                                "
"                                                                                                                                                                "
"                                                                                                                                                                "
"                                                                                                                                                                "
"                                                                                                                                                                "
"                                                                                                                                                                "
"                                                                                                                                                                "
"                                                                                                                                                                "
"                                                                                                                                                                "
"                                                                                                                                                                "
"                                                                                                                                                                "
"                                                                                                                                                                "
"                                                                                                                                                                "
