---
source: crates/zoid-tui/tests/shell_snapshot.rs
expression: "draw_config(&s, &sections, 160, 40)"
---
"╭ zoid · settings ─────────────────────────────────────────────────────────────────────────────────────────────────────────────────────────────────────────────╮"
"│ ▸ Provider & Model      provider    ollama          [default]   ollama · local  http  http://localhost:11434                                                 │"
"│   Economy               model                       [default] ▸ ollama · cloud  http  https://ollama.com                                                     │"
"│   Interface             base_url                    [default]   anthropic · api key  http  https://api.anthropic.com                                         │"
"│   Secrets                                                                                                                                                    │"
"│                                                                                                                                                              │"
"│                                                                                                                                                              │"
"│                                                                                                                                                              │"
"│                                                                                                                                                              │"
"│                                                                                                                                                              │"
"│                                                                                                                                                              │"
"│                                                                                                                                                              │"
"│                                                                                                                                                              │"
"│                                                                                                                                                              │"
"│                                                                                                                                                              │"
"│                                                                                                                                                              │"
"│                                                                                                                                                              │"
"│                                                                                                                                                              │"
"│                                                                                                                                                              │"
"│                                                                                                                                                              │"
"│                                                                                                                                                              │"
"│                                                                                                                                                              │"
"│                                                                                                                                                              │"
"│                                                                                                                                                              │"
"│                                                                                                                                                              │"
"│                                                                                                                                                              │"
"│                                                                                                                                                              │"
"│                                                                                                                                                              │"
"│                                                                                                                                                              │"
"│                                                                                                                                                              │"
"│                                                                                                                                                              │"
"│                                                                                                                                                              │"
"│                                                                                                                                                              │"
"│                                                                                                                                                              │"
"│                                                                                                                                                              │"
"│                                                                                                                                                              │"
"│                                                                                                                                                              │"
"│                                                                                                                                                              │"
"│ Tab section · Up/Down move · Enter drill · Esc back                                                                                                          │"
"╰──────────────────────────────────────────────────────────────────────────────────────────────────────────────────────────────────────────────────────────────╯"
