---
source: crates/zoid-tui/tests/shell_snapshot.rs
assertion_line: 593
expression: "format!(\"{:#?}\", terminal.backend().buffer())"
---
Buffer {
    area: Rect { x: 0, y: 0, width: 100, height: 24 },
    content: [
        "                                                                                                    ",
        "  00:00 › what's causing the 500?                       ╭ ▾ repo ─────────────────────────────────╮ ",
        "                                                        │📦 repo   ⎇ main                         │ ", // hidden by multi-width symbols: [(58, " ")]
        "  00:00 zoid an unwrapped lookup in the handler.        ╰─────────────────────────────────────────╯ ",
        "                                                                                                    ",
        "                                                        ╭ ▾ session ──────────────────────────────╮ ",
        "                                                        │🟢 (unnamed)                             │ ", // hidden by multi-width symbols: [(58, " ")]
        "                                                        │🤖  ·                                    │ ", // hidden by multi-width symbols: [(58, " ")]
        "                                                        ╰─────────────────────────────────────────╯ ",
        "                                                                                                    ",
        "                                                        ╭ ▾ context · tokens ─────────────────────╮ ",
        "                                                        │churn                              cache │ ",
        "                                                        ╰─────────────────────────────────────────╯ ",
        "                                                                                                    ",
        "                                                        ╭ ▾ tasks ────────────────────────────────╮ ",
        "                                                        │no tasks                                 │ ",
        "                                                        ╰─────────────────────────────────────────╯ ",
        "                                                                                                    ",
        "┌ message ─────────────────────────────────────────────────────────────────────────────────────────┐",
        "│line one                                                                                          │",
        "│line two                                                                                          │",
        "│line three                                                                                        │",
        "└──────────────────────────────────────────────────────────────────────────────────────────────────┘",
        " CHAT  zoom normal · ^P palette                ● idle                                          zoid ",
    ],
    styles: [
        x: 0, y: 0, fg: Reset, bg: Reset, underline: Reset, modifier: NONE,
        x: 2, y: 1, fg: Rgb(110, 118, 129), bg: Reset, underline: Reset, modifier: NONE,
        x: 8, y: 1, fg: Rgb(88, 166, 255), bg: Reset, underline: Reset, modifier: NONE,
        x: 10, y: 1, fg: Rgb(201, 209, 217), bg: Reset, underline: Reset, modifier: NONE,
        x: 33, y: 1, fg: Reset, bg: Reset, underline: Reset, modifier: NONE,
        x: 56, y: 1, fg: Rgb(88, 166, 255), bg: Reset, underline: Reset, modifier: NONE,
        x: 99, y: 1, fg: Reset, bg: Reset, underline: Reset, modifier: NONE,
        x: 56, y: 2, fg: Rgb(88, 166, 255), bg: Reset, underline: Reset, modifier: NONE,
        x: 57, y: 2, fg: Rgb(201, 209, 217), bg: Reset, underline: Reset, modifier: NONE,
        x: 58, y: 2, fg: Reset, bg: Reset, underline: Reset, modifier: NONE,
        x: 59, y: 2, fg: Rgb(201, 209, 217), bg: Reset, underline: Reset, modifier: NONE,
        x: 67, y: 2, fg: Rgb(188, 140, 255), bg: Reset, underline: Reset, modifier: NONE,
        x: 73, y: 2, fg: Reset, bg: Reset, underline: Reset, modifier: NONE,
        x: 98, y: 2, fg: Rgb(88, 166, 255), bg: Reset, underline: Reset, modifier: NONE,
        x: 99, y: 2, fg: Reset, bg: Reset, underline: Reset, modifier: NONE,
        x: 2, y: 3, fg: Rgb(110, 118, 129), bg: Reset, underline: Reset, modifier: NONE,
        x: 13, y: 3, fg: Rgb(201, 209, 217), bg: Reset, underline: Reset, modifier: NONE,
        x: 48, y: 3, fg: Reset, bg: Reset, underline: Reset, modifier: NONE,
        x: 56, y: 3, fg: Rgb(88, 166, 255), bg: Reset, underline: Reset, modifier: NONE,
        x: 99, y: 3, fg: Reset, bg: Reset, underline: Reset, modifier: NONE,
        x: 56, y: 5, fg: Rgb(88, 166, 255), bg: Reset, underline: Reset, modifier: NONE,
        x: 99, y: 5, fg: Reset, bg: Reset, underline: Reset, modifier: NONE,
        x: 56, y: 6, fg: Rgb(88, 166, 255), bg: Reset, underline: Reset, modifier: NONE,
        x: 57, y: 6, fg: Rgb(201, 209, 217), bg: Reset, underline: Reset, modifier: NONE,
        x: 58, y: 6, fg: Reset, bg: Reset, underline: Reset, modifier: NONE,
        x: 59, y: 6, fg: Rgb(201, 209, 217), bg: Reset, underline: Reset, modifier: NONE,
        x: 69, y: 6, fg: Reset, bg: Reset, underline: Reset, modifier: NONE,
        x: 98, y: 6, fg: Rgb(88, 166, 255), bg: Reset, underline: Reset, modifier: NONE,
        x: 99, y: 6, fg: Reset, bg: Reset, underline: Reset, modifier: NONE,
        x: 56, y: 7, fg: Rgb(88, 166, 255), bg: Reset, underline: Reset, modifier: NONE,
        x: 58, y: 7, fg: Reset, bg: Reset, underline: Reset, modifier: NONE,
        x: 59, y: 7, fg: Rgb(88, 166, 255), bg: Reset, underline: Reset, modifier: NONE,
        x: 60, y: 7, fg: Rgb(110, 118, 129), bg: Reset, underline: Reset, modifier: NONE,
        x: 63, y: 7, fg: Reset, bg: Reset, underline: Reset, modifier: NONE,
        x: 98, y: 7, fg: Rgb(88, 166, 255), bg: Reset, underline: Reset, modifier: NONE,
        x: 99, y: 7, fg: Reset, bg: Reset, underline: Reset, modifier: NONE,
        x: 56, y: 8, fg: Rgb(88, 166, 255), bg: Reset, underline: Reset, modifier: NONE,
        x: 99, y: 8, fg: Reset, bg: Reset, underline: Reset, modifier: NONE,
        x: 56, y: 10, fg: Rgb(88, 166, 255), bg: Reset, underline: Reset, modifier: NONE,
        x: 99, y: 10, fg: Reset, bg: Reset, underline: Reset, modifier: NONE,
        x: 56, y: 11, fg: Rgb(88, 166, 255), bg: Reset, underline: Reset, modifier: NONE,
        x: 57, y: 11, fg: Rgb(110, 118, 129), bg: Reset, underline: Reset, modifier: NONE,
        x: 63, y: 11, fg: Reset, bg: Reset, underline: Reset, modifier: NONE,
        x: 92, y: 11, fg: Rgb(110, 118, 129), bg: Reset, underline: Reset, modifier: NONE,
        x: 98, y: 11, fg: Rgb(88, 166, 255), bg: Reset, underline: Reset, modifier: NONE,
        x: 99, y: 11, fg: Reset, bg: Reset, underline: Reset, modifier: NONE,
        x: 56, y: 12, fg: Rgb(88, 166, 255), bg: Reset, underline: Reset, modifier: NONE,
        x: 99, y: 12, fg: Reset, bg: Reset, underline: Reset, modifier: NONE,
        x: 56, y: 14, fg: Rgb(88, 166, 255), bg: Reset, underline: Reset, modifier: NONE,
        x: 99, y: 14, fg: Reset, bg: Reset, underline: Reset, modifier: NONE,
        x: 56, y: 15, fg: Rgb(88, 166, 255), bg: Reset, underline: Reset, modifier: NONE,
        x: 57, y: 15, fg: Rgb(110, 118, 129), bg: Reset, underline: Reset, modifier: NONE,
        x: 65, y: 15, fg: Reset, bg: Reset, underline: Reset, modifier: NONE,
        x: 98, y: 15, fg: Rgb(88, 166, 255), bg: Reset, underline: Reset, modifier: NONE,
        x: 99, y: 15, fg: Reset, bg: Reset, underline: Reset, modifier: NONE,
        x: 56, y: 16, fg: Rgb(88, 166, 255), bg: Reset, underline: Reset, modifier: NONE,
        x: 99, y: 16, fg: Reset, bg: Reset, underline: Reset, modifier: NONE,
        x: 0, y: 18, fg: Rgb(110, 118, 129), bg: Reset, underline: Reset, modifier: NONE,
        x: 1, y: 19, fg: Reset, bg: Reset, underline: Reset, modifier: REVERSED,
        x: 2, y: 19, fg: Reset, bg: Reset, underline: Reset, modifier: UNDERLINED,
        x: 9, y: 19, fg: Reset, bg: Reset, underline: Reset, modifier: NONE,
        x: 99, y: 19, fg: Rgb(110, 118, 129), bg: Reset, underline: Reset, modifier: NONE,
        x: 1, y: 20, fg: Reset, bg: Reset, underline: Reset, modifier: NONE,
        x: 99, y: 20, fg: Rgb(110, 118, 129), bg: Reset, underline: Reset, modifier: NONE,
        x: 1, y: 21, fg: Reset, bg: Reset, underline: Reset, modifier: NONE,
        x: 99, y: 21, fg: Rgb(110, 118, 129), bg: Reset, underline: Reset, modifier: NONE,
        x: 0, y: 23, fg: Rgb(88, 166, 255), bg: Rgb(13, 42, 77), underline: Reset, modifier: NONE,
        x: 6, y: 23, fg: Rgb(110, 118, 129), bg: Reset, underline: Reset, modifier: NONE,
        x: 31, y: 23, fg: Reset, bg: Reset, underline: Reset, modifier: NONE,
        x: 47, y: 23, fg: Rgb(63, 185, 80), bg: Reset, underline: Reset, modifier: NONE,
        x: 53, y: 23, fg: Reset, bg: Reset, underline: Reset, modifier: NONE,
        x: 95, y: 23, fg: Rgb(110, 118, 129), bg: Reset, underline: Reset, modifier: NONE,
    ]
}
