---
source: crates/zoid-tui/tests/shell_snapshot.rs
expression: "draw_zoom(Zoom::Summary, 140, 24)"
---
Buffer {
    area: Rect { x: 0, y: 0, width: 140, height: 24 },
    content: [
        " zoid  CHAT  ⎇ main                                                                                                                         ",
        "› show me parse                            ~ 1t · 1f                                                           ▾ ⑤ context · tokens  ^5     ",
        "                                                                                                                churn                       ",
        "                                                                                                                [x] evict cold            0 ",
        "                                                                                                                                            ",
        "                                                                                                                                            ",
        "                                                                                                                                            ",
        "                                                                                                                                            ",
        "                                                                                                                                            ",
        "                                                                                                               ▸ files  ^F                  ",
        "                                                                                                                                            ",
        "                                                                                                               ▸ branch  ^B                 ",
        "                                                                                                                                            ",
        "                                                                                                               ▸ palette  ^P                ",
        "                                                                                                                                            ",
        "                                                                                                                                            ",
        "                                                                                                                                            ",
        "                                                                                                                                            ",
        "                                                                                                                                            ",
        "                                                                                                                                            ",
        "┌ message ─────────────────────────────────────────────────────────────────────────────────────────────────────────────────────────────────┐",
        "│                                                                                                                                          │",
        "└──────────────────────────────────────────────────────────────────────────────────────────────────────────────────────────────────────────┘",
        " CHAT  ⎇ main · ^P palette · ⇧Tab → Build · ^C quit                                                                                         ",
    ],
    styles: [
        x: 0, y: 0, fg: Rgb(201, 209, 217), bg: Reset, underline: Reset, modifier: BOLD,
        x: 6, y: 0, fg: Rgb(88, 166, 255), bg: Rgb(13, 42, 77), underline: Reset, modifier: BOLD,
        x: 12, y: 0, fg: Rgb(188, 140, 255), bg: Reset, underline: Reset, modifier: NONE,
        x: 19, y: 0, fg: Reset, bg: Reset, underline: Reset, modifier: NONE,
        x: 0, y: 1, fg: Rgb(88, 166, 255), bg: Reset, underline: Reset, modifier: NONE,
        x: 2, y: 1, fg: Rgb(201, 209, 217), bg: Reset, underline: Reset, modifier: NONE,
        x: 43, y: 1, fg: Rgb(110, 118, 129), bg: Reset, underline: Reset, modifier: NONE,
        x: 52, y: 1, fg: Reset, bg: Reset, underline: Reset, modifier: NONE,
        x: 111, y: 1, fg: Rgb(201, 209, 217), bg: Reset, underline: Reset, modifier: NONE,
        x: 131, y: 1, fg: Rgb(110, 118, 129), bg: Reset, underline: Reset, modifier: NONE,
        x: 135, y: 1, fg: Reset, bg: Reset, underline: Reset, modifier: NONE,
        x: 112, y: 2, fg: Rgb(110, 118, 129), bg: Reset, underline: Reset, modifier: NONE,
        x: 118, y: 2, fg: Reset, bg: Reset, underline: Reset, modifier: NONE,
        x: 112, y: 3, fg: Rgb(110, 118, 129), bg: Reset, underline: Reset, modifier: NONE,
        x: 139, y: 3, fg: Reset, bg: Reset, underline: Reset, modifier: NONE,
        x: 111, y: 9, fg: Rgb(110, 118, 129), bg: Reset, underline: Reset, modifier: NONE,
        x: 122, y: 9, fg: Reset, bg: Reset, underline: Reset, modifier: NONE,
        x: 111, y: 11, fg: Rgb(110, 118, 129), bg: Reset, underline: Reset, modifier: NONE,
        x: 123, y: 11, fg: Reset, bg: Reset, underline: Reset, modifier: NONE,
        x: 111, y: 13, fg: Rgb(110, 118, 129), bg: Reset, underline: Reset, modifier: NONE,
        x: 124, y: 13, fg: Reset, bg: Reset, underline: Reset, modifier: NONE,
        x: 0, y: 20, fg: Rgb(110, 118, 129), bg: Reset, underline: Reset, modifier: NONE,
        x: 1, y: 21, fg: Reset, bg: Reset, underline: Reset, modifier: REVERSED,
        x: 2, y: 21, fg: Reset, bg: Reset, underline: Reset, modifier: NONE,
        x: 139, y: 21, fg: Rgb(110, 118, 129), bg: Reset, underline: Reset, modifier: NONE,
        x: 0, y: 23, fg: Rgb(88, 166, 255), bg: Rgb(13, 42, 77), underline: Reset, modifier: NONE,
        x: 6, y: 23, fg: Rgb(110, 118, 129), bg: Reset, underline: Reset, modifier: NONE,
        x: 51, y: 23, fg: Reset, bg: Reset, underline: Reset, modifier: NONE,
    ]
}
