---
source: crates/zoid-tui/tests/shell_snapshot.rs
expression: out
---
"                                                zoid                                      ^P palette"
"┌ ›  ─────────────────────────────────────────────────┐ ╭ ▾ repo ─────────────────────────────────╮ "
"│ ↺ Resume session…  this repo, most-recent first  ⏎  │ ╰─────────────────────────────────────────╯ "
"│ ✎ Rename session…  rename the current thread  :renam│                                             "
"│MODE                                                 │ ╭ ▾ session ──────────────────────────────╮ "
"│ ⇢ Switch to Build  continue this conversation into t│ │🟢 (unnamed)                             │ " Hidden by multi-width symbols: [(58, " ")]
"│BRANCH ⎇                                             │ ╰─────────────────────────────────────────╯ "
"│ ⎇ Fork from here  new branch at this turn  :fork    │                                             "
"│ ⤺ Undo last turn  move head back  u                 │ ╭ ▾ context · tokens ─────────────────────╮ "
"│CONTEXT                                              │ │churn                              cache │ "
"│ ● Pin file to context  coming soon                  │ ╰─────────────────────────────────────────╯ "
"│ ✕ Evict cold items  coming soon                     │                                             "
"│SETTINGS                                             │ ╭ ▾ tasks ────────────────────────────────╮ "
"│ ◆ Open settings  provider · model · economy · secret│ │no tasks                                 │ "
"│ ◆ Quit zoid  exit  ^Q                               │ ╰─────────────────────────────────────────╯ "
"└─────────────────────────────────────────────────────┘                                             "
"┌ message ─────────────────────────────────────────────────────────────────────────────────────────┐"
"│                                                                                                  │"
"└──────────────────────────────────────────────────────────────────────────────────────────────────┘"
" CHAT                                          ● idle                                   zoom normal "
