---
source: crates/zoid-tui/tests/shell_snapshot.rs
expression: "draw_delegated(140, 24)"
---
Buffer {
    area: Rect { x: 0, y: 0, width: 140, height: 24 },
    content: [
        "                                                                    zoid                                                          ^P palette",
        "  00:00 › extract NotFound handling into a shared helper                                      █ ╭ ▾ repo ─────────────────────────────────╮ ",
        "  ▸ delegated · Added shared NotFound helper; get_user …  ✓ ⏎ peek                            █ │📦 repo   ⎇ main                         │ ", // hidden by multi-width symbols: [(98, " ")]
        "                                                                                              █ ╰─────────────────────────────────────────╯ ",
        "                                                                                              █                                             ",
        "                                                                                              █ ╭ ▾ session ──────────────────────────────╮ ",
        "                                                                                              █ │🟢 (unnamed)                             │ ", // hidden by multi-width symbols: [(98, " ")]
        "                                                                                              █ │🤖  ·                                    │ ", // hidden by multi-width symbols: [(98, " ")]
        "                                                                                              █ │⌚ dur 0m   tok 0   cac 0                │ ", // hidden by multi-width symbols: [(98, " ")]
        "                                                                                              █ │📊 ctx 0                                 │ ", // hidden by multi-width symbols: [(98, " ")]
        "                                                                                              █ ╰─────────────────────────────────────────╯ ",
        "                                                                                              █                                             ",
        "                                                                                              █ ╭ ▾ context · tokens ─────────────────────╮ ",
        "                                                                                              █ │churn                              cache │ ",
        "                                                                                              █ ╰─────────────────────────────────────────╯ ",
        "                                                                                              █                                             ",
        "                                                                                              █ ╭ ▾ tasks ────────────────────────────────╮ ",
        "                                                                                              █ │no tasks                                 │ ",
        "                                                                                              █ ╰─────────────────────────────────────────╯ ",
        "                                                                                              █                                             ",
        "┌ message ─────────────────────────────────────────────────────────────────────────────────────────────────────────────────────────────────┐",
        "│                                                                                                                                          │",
        "└──────────────────────────────────────────────────────────────────────────────────────────────────────────────────────────────────────────┘",
        " CHAT                                                              ● idle                                                       zoom normal ",
    ],
    styles: [
        x: 0, y: 0, fg: Reset, bg: Reset, underline: Reset, modifier: NONE,
        x: 68, y: 0, fg: Rgb(110, 118, 129), bg: Reset, underline: Reset, modifier: NONE,
        x: 72, y: 0, fg: Reset, bg: Reset, underline: Reset, modifier: NONE,
        x: 130, y: 0, fg: Rgb(110, 118, 129), bg: Reset, underline: Reset, modifier: NONE,
        x: 0, y: 1, fg: Reset, bg: Reset, underline: Reset, modifier: NONE,
        x: 2, y: 1, fg: Rgb(110, 118, 129), bg: Reset, underline: Reset, modifier: NONE,
        x: 8, y: 1, fg: Rgb(88, 166, 255), bg: Reset, underline: Reset, modifier: NONE,
        x: 10, y: 1, fg: Rgb(201, 209, 217), bg: Reset, underline: Reset, modifier: NONE,
        x: 56, y: 1, fg: Reset, bg: Reset, underline: Reset, modifier: NONE,
        x: 94, y: 1, fg: Rgb(88, 166, 255), bg: Reset, underline: Reset, modifier: NONE,
        x: 95, y: 1, fg: Reset, bg: Reset, underline: Reset, modifier: NONE,
        x: 96, y: 1, fg: Rgb(88, 166, 255), bg: Reset, underline: Reset, modifier: NONE,
        x: 139, y: 1, fg: Reset, bg: Reset, underline: Reset, modifier: NONE,
        x: 2, y: 2, fg: Rgb(188, 140, 255), bg: Rgb(21, 16, 31), underline: Reset, modifier: NONE,
        x: 56, y: 2, fg: Rgb(63, 185, 80), bg: Reset, underline: Reset, modifier: NONE,
        x: 60, y: 2, fg: Rgb(110, 118, 129), bg: Reset, underline: Reset, modifier: NONE,
        x: 66, y: 2, fg: Reset, bg: Reset, underline: Reset, modifier: NONE,
        x: 94, y: 2, fg: Rgb(88, 166, 255), bg: Reset, underline: Reset, modifier: NONE,
        x: 95, y: 2, fg: Reset, bg: Reset, underline: Reset, modifier: NONE,
        x: 96, y: 2, fg: Rgb(88, 166, 255), bg: Reset, underline: Reset, modifier: NONE,
        x: 97, y: 2, fg: Rgb(201, 209, 217), bg: Reset, underline: Reset, modifier: NONE,
        x: 98, y: 2, fg: Reset, bg: Reset, underline: Reset, modifier: NONE,
        x: 99, y: 2, fg: Rgb(201, 209, 217), bg: Reset, underline: Reset, modifier: NONE,
        x: 107, y: 2, fg: Rgb(188, 140, 255), bg: Reset, underline: Reset, modifier: NONE,
        x: 113, y: 2, fg: Reset, bg: Reset, underline: Reset, modifier: NONE,
        x: 138, y: 2, fg: Rgb(88, 166, 255), bg: Reset, underline: Reset, modifier: NONE,
        x: 139, y: 2, fg: Reset, bg: Reset, underline: Reset, modifier: NONE,
        x: 94, y: 3, fg: Rgb(88, 166, 255), bg: Reset, underline: Reset, modifier: NONE,
        x: 95, y: 3, fg: Reset, bg: Reset, underline: Reset, modifier: NONE,
        x: 96, y: 3, fg: Rgb(88, 166, 255), bg: Reset, underline: Reset, modifier: NONE,
        x: 139, y: 3, fg: Reset, bg: Reset, underline: Reset, modifier: NONE,
        x: 94, y: 4, fg: Rgb(88, 166, 255), bg: Reset, underline: Reset, modifier: NONE,
        x: 95, y: 4, fg: Reset, bg: Reset, underline: Reset, modifier: NONE,
        x: 94, y: 5, fg: Rgb(88, 166, 255), bg: Reset, underline: Reset, modifier: NONE,
        x: 95, y: 5, fg: Reset, bg: Reset, underline: Reset, modifier: NONE,
        x: 96, y: 5, fg: Rgb(88, 166, 255), bg: Reset, underline: Reset, modifier: NONE,
        x: 139, y: 5, fg: Reset, bg: Reset, underline: Reset, modifier: NONE,
        x: 94, y: 6, fg: Rgb(88, 166, 255), bg: Reset, underline: Reset, modifier: NONE,
        x: 95, y: 6, fg: Reset, bg: Reset, underline: Reset, modifier: NONE,
        x: 96, y: 6, fg: Rgb(88, 166, 255), bg: Reset, underline: Reset, modifier: NONE,
        x: 97, y: 6, fg: Rgb(201, 209, 217), bg: Reset, underline: Reset, modifier: NONE,
        x: 98, y: 6, fg: Reset, bg: Reset, underline: Reset, modifier: NONE,
        x: 99, y: 6, fg: Rgb(201, 209, 217), bg: Reset, underline: Reset, modifier: NONE,
        x: 109, y: 6, fg: Reset, bg: Reset, underline: Reset, modifier: NONE,
        x: 138, y: 6, fg: Rgb(88, 166, 255), bg: Reset, underline: Reset, modifier: NONE,
        x: 139, y: 6, fg: Reset, bg: Reset, underline: Reset, modifier: NONE,
        x: 94, y: 7, fg: Rgb(88, 166, 255), bg: Reset, underline: Reset, modifier: NONE,
        x: 95, y: 7, fg: Reset, bg: Reset, underline: Reset, modifier: NONE,
        x: 96, y: 7, fg: Rgb(88, 166, 255), bg: Reset, underline: Reset, modifier: NONE,
        x: 98, y: 7, fg: Reset, bg: Reset, underline: Reset, modifier: NONE,
        x: 99, y: 7, fg: Rgb(88, 166, 255), bg: Reset, underline: Reset, modifier: NONE,
        x: 100, y: 7, fg: Rgb(110, 118, 129), bg: Reset, underline: Reset, modifier: NONE,
        x: 103, y: 7, fg: Reset, bg: Reset, underline: Reset, modifier: NONE,
        x: 138, y: 7, fg: Rgb(88, 166, 255), bg: Reset, underline: Reset, modifier: NONE,
        x: 139, y: 7, fg: Reset, bg: Reset, underline: Reset, modifier: NONE,
        x: 94, y: 8, fg: Rgb(88, 166, 255), bg: Reset, underline: Reset, modifier: NONE,
        x: 95, y: 8, fg: Reset, bg: Reset, underline: Reset, modifier: NONE,
        x: 96, y: 8, fg: Rgb(88, 166, 255), bg: Reset, underline: Reset, modifier: NONE,
        x: 97, y: 8, fg: Rgb(110, 118, 129), bg: Reset, underline: Reset, modifier: NONE,
        x: 98, y: 8, fg: Reset, bg: Reset, underline: Reset, modifier: NONE,
        x: 99, y: 8, fg: Rgb(110, 118, 129), bg: Reset, underline: Reset, modifier: NONE,
        x: 104, y: 8, fg: Rgb(201, 209, 217), bg: Reset, underline: Reset, modifier: NONE,
        x: 109, y: 8, fg: Rgb(110, 118, 129), bg: Reset, underline: Reset, modifier: NONE,
        x: 113, y: 8, fg: Rgb(201, 209, 217), bg: Reset, underline: Reset, modifier: NONE,
        x: 117, y: 8, fg: Rgb(110, 118, 129), bg: Reset, underline: Reset, modifier: NONE,
        x: 121, y: 8, fg: Rgb(201, 209, 217), bg: Reset, underline: Reset, modifier: NONE,
        x: 122, y: 8, fg: Reset, bg: Reset, underline: Reset, modifier: NONE,
        x: 138, y: 8, fg: Rgb(88, 166, 255), bg: Reset, underline: Reset, modifier: NONE,
        x: 139, y: 8, fg: Reset, bg: Reset, underline: Reset, modifier: NONE,
        x: 94, y: 9, fg: Rgb(88, 166, 255), bg: Reset, underline: Reset, modifier: NONE,
        x: 95, y: 9, fg: Reset, bg: Reset, underline: Reset, modifier: NONE,
        x: 96, y: 9, fg: Rgb(88, 166, 255), bg: Reset, underline: Reset, modifier: NONE,
        x: 97, y: 9, fg: Rgb(110, 118, 129), bg: Reset, underline: Reset, modifier: NONE,
        x: 98, y: 9, fg: Reset, bg: Reset, underline: Reset, modifier: NONE,
        x: 99, y: 9, fg: Rgb(110, 118, 129), bg: Reset, underline: Reset, modifier: NONE,
        x: 104, y: 9, fg: Rgb(201, 209, 217), bg: Reset, underline: Reset, modifier: NONE,
        x: 106, y: 9, fg: Reset, bg: Reset, underline: Reset, modifier: NONE,
        x: 138, y: 9, fg: Rgb(88, 166, 255), bg: Reset, underline: Reset, modifier: NONE,
        x: 139, y: 9, fg: Reset, bg: Reset, underline: Reset, modifier: NONE,
        x: 94, y: 10, fg: Rgb(88, 166, 255), bg: Reset, underline: Reset, modifier: NONE,
        x: 95, y: 10, fg: Reset, bg: Reset, underline: Reset, modifier: NONE,
        x: 96, y: 10, fg: Rgb(88, 166, 255), bg: Reset, underline: Reset, modifier: NONE,
        x: 139, y: 10, fg: Reset, bg: Reset, underline: Reset, modifier: NONE,
        x: 94, y: 11, fg: Rgb(88, 166, 255), bg: Reset, underline: Reset, modifier: NONE,
        x: 95, y: 11, fg: Reset, bg: Reset, underline: Reset, modifier: NONE,
        x: 94, y: 12, fg: Rgb(88, 166, 255), bg: Reset, underline: Reset, modifier: NONE,
        x: 95, y: 12, fg: Reset, bg: Reset, underline: Reset, modifier: NONE,
        x: 96, y: 12, fg: Rgb(88, 166, 255), bg: Reset, underline: Reset, modifier: NONE,
        x: 139, y: 12, fg: Reset, bg: Reset, underline: Reset, modifier: NONE,
        x: 94, y: 13, fg: Rgb(88, 166, 255), bg: Reset, underline: Reset, modifier: NONE,
        x: 95, y: 13, fg: Reset, bg: Reset, underline: Reset, modifier: NONE,
        x: 96, y: 13, fg: Rgb(88, 166, 255), bg: Reset, underline: Reset, modifier: NONE,
        x: 97, y: 13, fg: Rgb(110, 118, 129), bg: Reset, underline: Reset, modifier: NONE,
        x: 103, y: 13, fg: Reset, bg: Reset, underline: Reset, modifier: NONE,
        x: 132, y: 13, fg: Rgb(110, 118, 129), bg: Reset, underline: Reset, modifier: NONE,
        x: 138, y: 13, fg: Rgb(88, 166, 255), bg: Reset, underline: Reset, modifier: NONE,
        x: 139, y: 13, fg: Reset, bg: Reset, underline: Reset, modifier: NONE,
        x: 94, y: 14, fg: Rgb(88, 166, 255), bg: Reset, underline: Reset, modifier: NONE,
        x: 95, y: 14, fg: Reset, bg: Reset, underline: Reset, modifier: NONE,
        x: 96, y: 14, fg: Rgb(88, 166, 255), bg: Reset, underline: Reset, modifier: NONE,
        x: 139, y: 14, fg: Reset, bg: Reset, underline: Reset, modifier: NONE,
        x: 94, y: 15, fg: Rgb(88, 166, 255), bg: Reset, underline: Reset, modifier: NONE,
        x: 95, y: 15, fg: Reset, bg: Reset, underline: Reset, modifier: NONE,
        x: 94, y: 16, fg: Rgb(88, 166, 255), bg: Reset, underline: Reset, modifier: NONE,
        x: 95, y: 16, fg: Reset, bg: Reset, underline: Reset, modifier: NONE,
        x: 96, y: 16, fg: Rgb(88, 166, 255), bg: Reset, underline: Reset, modifier: NONE,
        x: 139, y: 16, fg: Reset, bg: Reset, underline: Reset, modifier: NONE,
        x: 94, y: 17, fg: Rgb(88, 166, 255), bg: Reset, underline: Reset, modifier: NONE,
        x: 95, y: 17, fg: Reset, bg: Reset, underline: Reset, modifier: NONE,
        x: 96, y: 17, fg: Rgb(88, 166, 255), bg: Reset, underline: Reset, modifier: NONE,
        x: 97, y: 17, fg: Rgb(110, 118, 129), bg: Reset, underline: Reset, modifier: NONE,
        x: 105, y: 17, fg: Reset, bg: Reset, underline: Reset, modifier: NONE,
        x: 138, y: 17, fg: Rgb(88, 166, 255), bg: Reset, underline: Reset, modifier: NONE,
        x: 139, y: 17, fg: Reset, bg: Reset, underline: Reset, modifier: NONE,
        x: 94, y: 18, fg: Rgb(88, 166, 255), bg: Reset, underline: Reset, modifier: NONE,
        x: 95, y: 18, fg: Reset, bg: Reset, underline: Reset, modifier: NONE,
        x: 96, y: 18, fg: Rgb(88, 166, 255), bg: Reset, underline: Reset, modifier: NONE,
        x: 139, y: 18, fg: Reset, bg: Reset, underline: Reset, modifier: NONE,
        x: 94, y: 19, fg: Rgb(88, 166, 255), bg: Reset, underline: Reset, modifier: NONE,
        x: 95, y: 19, fg: Reset, bg: Reset, underline: Reset, modifier: NONE,
        x: 0, y: 20, fg: Rgb(110, 118, 129), bg: Reset, underline: Reset, modifier: NONE,
        x: 1, y: 21, fg: Reset, bg: Reset, underline: Reset, modifier: REVERSED,
        x: 2, y: 21, fg: Reset, bg: Reset, underline: Reset, modifier: NONE,
        x: 139, y: 21, fg: Rgb(110, 118, 129), bg: Reset, underline: Reset, modifier: NONE,
        x: 0, y: 23, fg: Rgb(88, 166, 255), bg: Rgb(13, 42, 77), underline: Reset, modifier: NONE,
        x: 6, y: 23, fg: Reset, bg: Reset, underline: Reset, modifier: NONE,
        x: 67, y: 23, fg: Rgb(63, 185, 80), bg: Reset, underline: Reset, modifier: NONE,
        x: 73, y: 23, fg: Reset, bg: Reset, underline: Reset, modifier: NONE,
        x: 127, y: 23, fg: Rgb(110, 118, 129), bg: Reset, underline: Reset, modifier: NONE,
    ]
}
