---
source: crates/zoid-tui/tests/shell_snapshot.rs
expression: "draw_econ(&s, &seeded_economy(), &seeded(), 140, 24)"
---
" zoid ● idle                                                                                                                                "
"00:00 › what's causing the 500?                                                                 ▾ context · tokens                          "
"00:00 zoid an unwrapped lookup in the handler.                                                     grep                          6k ██      "
"                                                                                                   schema.sql                    5k ░░ cold "
"                                                                                                 ● users.rs                      4k ██      "
"                                                                                                   ship it?                      3k █░      "
"                                                                                                 churn ▂▅▂█▂                                "
"                                                                                                 [x] evict cold                   142k/200k "
"                                                                                                                                            "
"                                                                                                ▸ files                                     "
"                                                                                                                                            "
"                                                                                                ▸ branch                                    "
"                                                                                                                                            "
"                                                                                                                                            "
"                                                                                                                                            "
"                                                                                                                                            "
"                                                                                                                                            "
"                                                                                                                                            "
"                                                                                                                                            "
"                                                                                                                                            "
"┌ message ─────────────────────────────────────────────────────────────────────────────────────────────────────────────────────────────────┐"
"│                                                                                                                                          │"
"└──────────────────────────────────────────────────────────────────────────────────────────────────────────────────────────────────────────┘"
" CHAT  zoom normal · ^P palette                                                                                                             "
