---
source: crates/zoid-tui/tests/shell_snapshot.rs
expression: "draw(&s, &seeded(), 140, 24)"
---
" zoid  CHAT  ⎇ main                                                                                                                         "
"› what's causing the 500?                                                                                      ▾ ⑤ context · tokens  ^5     "
"zoid an unwrapped lookup in the handler.                                                                         context economy · P3       "
"                                                                                                                                            "
"                                                                                                                                            "
"                                                                                                                                            "
"                                                                                                                                            "
"                                                                                                               ▸ files  ^F                  "
"                                                                                                                                            "
"                                                                                                               ▸ branch  ^B                 "
"                                                                                                                                            "
"                                                                                                               ▸ palette  ^P                "
"                                                                                                                                            "
"                                                                                                                                            "
"                                                                                                                                            "
"                                                                                                                                            "
"                                                                                                                                            "
"                                                                                                                                            "
"                                                                                                                                            "
"                                                                                                                                            "
"┌ message ─────────────────────────────────────────────────────────────────────────────────────────────────────────────────────────────────┐"
"│                                                                                                                                          │"
"└──────────────────────────────────────────────────────────────────────────────────────────────────────────────────────────────────────────┘"
" CHAT  ⎇ main · ^P palette · ⇧Tab → Build · ^C quit                                                                                         "
