---
source: crates/zoid-tui/tests/shell_snapshot.rs
expression: "draw_zoom(Zoom::Summary, 140, 24)"
---
Buffer {
    area: Rect { x: 0, y: 0, width: 140, height: 24 },
    content: [
        "                                                                                                                                            ",
        "                                                                                                                                            ",
        "                                                                                                                                            ",
        "                                                                                                                                            ",
        "                                                                                                                                            ",
        "                                                                                                                                            ",
        "                                                                                                                                            ",
        "                                                                                                                                            ",
        "                                                                                                                                            ",
        "                                                                                                                                            ",
        "                                                                                                                                            ",
        "                                                                                                                                            ",
        "                                              ⚠ Terminal too small — resize to at least 160×40                                              ",
        "                                                                                                                                            ",
        "                                                                                                                                            ",
        "                                                                                                                                            ",
        "                                                                                                                                            ",
        "                                                                                                                                            ",
        "                                                                                                                                            ",
        "                                                                                                                                            ",
        "                                                                                                                                            ",
        "                                                                                                                                            ",
        "                                                                                                                                            ",
        "                                                                                                                                            ",
    ],
    styles: [
        x: 0, y: 0, fg: Reset, bg: Reset, underline: Reset, modifier: NONE,
        x: 46, y: 12, fg: Rgb(210, 153, 34), bg: Reset, underline: Reset, modifier: NONE,
        x: 94, y: 12, fg: Reset, bg: Reset, underline: Reset, modifier: NONE,
    ]
}
