---
source: crates/zoid-tui/tests/shell_snapshot.rs
expression: "draw(&s, &seeded(), 100, 24)"
---
"v0.3.2                                          zoid          Esc interrupt · : command · ^P palette"
"┌ : ──────────────────────────────────────────────────┐ ╭ ▾ repo ─────────────────────────────────╮ "
"│ session                                             │ ╰─────────────────────────────────────────╯ "
"│ drawer                                              │                                             "
"│ mode                                                │ ╭ ▾ session ──────────────────────────────╮ "
"│ companion                                           │ │🟢 (unnamed)                             │ " Hidden by multi-width symbols: [(58, " ")]
"│ compact                                             │ ╰─────────────────────────────────────────╯ "
"│ delegate                                            │                                             "
"│ config                                              │ ╭ ▾ context · tokens ─────────────────────╮ "
"│ help                                                │ │churn                              cache │ "
"│ q                                                   │ ╰─────────────────────────────────────────╯ "
"│ quit                                                │                                             "
"│↑↓ move · ⏎ select · esc close · type to filter      │ ╭ ▾ tasks ────────────────────────────────╮ "
"│                                                     │ │no tasks                                 │ "
"│                                                     │ ╰─────────────────────────────────────────╯ "
"│                                                     │                                             "
"│                                                     │ ╭ ▾ subagents ────────────────────────────╮ "
"│                                                     │ │none                                     │ "
"└─────────────────────────────────────────────────────┘ ╰─────────────────────────────────────────╯ "
"                                                      █                                             "
"┌ message ─────────────────────────────────────────────────────────────────────────────────────────┐"
"│                                                                                                  │"
"└──────────────────────────────────────────────────────────────────────────────────────────────────┘"
" CHAT                           ⊟ compact     ● idle      ◐ tool                        zoom normal "
