---
source: crates/zoid-tui/tests/shell_snapshot.rs
assertion_line: 120
expression: "draw(&s, &seeded(), 100, 24)"
---
" zoid  CHAT  ⎇ main                                                                                 "
"› what's causing the 500?                               ▾ ⑤ context · tokens  ^5                    "
"zoid an unwrapped lookup in the handler.                 churn                                      "
"                                                         [x] evict cold                           0 "
"                                                                                                    "
"                                                                                                    "
"                                                                                                    "
"                                                                                                    "
"                                                                                                    "
"                                                        ▾ files  ^F                                 "
"                                                         Cargo.toml                                 "
"                                                         src                                        "
"                                                         README.md                                  "
"                                                                                                    "
"                                                                                                    "
"                                                        ▸ branch  ^B                                "
"                                                                                                    "
"                                                                                                    "
"                                                                                                    "
"                                                                                                    "
"┌ message ─────────────────────────────────────────────────────────────────────────────────────────┐"
"│                                                                                                  │"
"└──────────────────────────────────────────────────────────────────────────────────────────────────┘"
" CHAT  ⎇ main · ^P palette · ⇧Tab → Build · ^C quit                                                 "
