---
source: crates/zoid-tui/tests/shell_snapshot.rs
expression: "draw_econ(&s, &seeded_economy(), &seeded(), 100, 24)"
---
" zoid ● idle                                                                                        "
"00:00 › what's causing the 500?                         ╭ ▾ repo ─────────────────────────────────╮ "
"00:00 zoid an unwrapped lookup in the handler.          │repo   ⎇ main                            │ "
"                                                        │worktree (none)                          │ "
"                                                        │changes +0 -0 · 0 files                  │ "
"                                                        ╰─────────────────────────────────────────╯ "
"                                                                                                    "
"                                                        ╭ ▾ session ──────────────────────────────╮ "
"                                                        │(unnamed)                                │ "
"                                                        │ ·                                       │ "
"                                                        │dur 0m   tok 0                           │ "
"                                                        │ctx 0                                    │ "
"                                                        │cwd                                      │ "
"                                                        ╰─────────────────────────────────────────╯ "
"                                                                                                    "
"                                                        ╭ ▾ context · tokens ─────────────────────╮ "
"                                                        │  grep                         6k ██     │ "
"                                                        │  schema.sql                   5k ░░ cold│ "
"                                                        │● users.rs                     4k ██     │ "
"                                                        │  ship it?                     3k █░     │ "
"┌ message ─────────────────────────────────────────────────────────────────────────────────────────┐"
"│                                                                                                  │"
"└──────────────────────────────────────────────────────────────────────────────────────────────────┘"
" CHAT  zoom normal · ^P palette                                                                     "
