---
source: crates/zoid-tui/tests/shell_snapshot.rs
expression: "draw(&s, &seeded(), 100, 24)"
---
"v0.1.2                                          zoid          Esc interrupt · : command · ^P palette"
"┌ › build ────────────────────────────────────────────┐ ╭ ▾ repo ─────────────────────────────────╮ "
"│ Switch to Build                                     │ │📦 repo   ⎇ main                         │ " Hidden by multi-width symbols: [(58, " ")]
"│                                                     │ ╰─────────────────────────────────────────╯ "
"│                                                     │                                             "
"│                                                     │ ╭ ▾ session ──────────────────────────────╮ "
"│                                                     │ │🟢 (unnamed)                             │ " Hidden by multi-width symbols: [(58, " ")]
"│                                                     │ │🤖  ·                                    │ " Hidden by multi-width symbols: [(58, " ")]
"│                                                     │ │⌚ dur 0m   tok/cac 0                    │ " Hidden by multi-width symbols: [(58, " ")]
"│                                                     │ │📊 ctx 0                                 │ " Hidden by multi-width symbols: [(58, " ")]
"│                                                     │ ╰─────────────────────────────────────────╯ "
"│                                                     │                                             "
"│                                                     │ ╭ ▾ context · tokens ─────────────────────╮ "
"│                                                     │ │churn                              cache │ "
"│                                                     │ ╰─────────────────────────────────────────╯ "
"│                                                     │                                             "
"│                                                     │ ╭ ▾ tasks ────────────────────────────────╮ "
"│                                                     │ │no tasks                                 │ "
"└─────────────────────────────────────────────────────┘ ╰─────────────────────────────────────────╯ "
"                                                      █                                             "
"┌ message ─────────────────────────────────────────────────────────────────────────────────────────┐"
"│                                                                                                  │"
"└──────────────────────────────────────────────────────────────────────────────────────────────────┘"
" CHAT                           ⊟ compact     ● idle      ◐ tool                        zoom normal "
