---
source: crates/zoid-tui/tests/shell_snapshot.rs
expression: "draw(&s, &seeded(), 100, 24)"
---
"                                                zoid                                      ^P palette"
"┌ : ──────────────────────────────────────────────────┐ ╭ ▾ repo ─────────────────────────────────╮ "
"│ session                                             │ │📦 repo   ⎇ main                         │ " Hidden by multi-width symbols: [(58, " ")]
"│ drawer                                              │ ╰─────────────────────────────────────────╯ "
"│ mode                                                │                                             "
"│ companion                                           │ ╭ ▾ session ──────────────────────────────╮ "
"│ delegate                                            │ │🟢 (unnamed)                             │ " Hidden by multi-width symbols: [(58, " ")]
"│ config                                              │ │🤖  ·                                    │ " Hidden by multi-width symbols: [(58, " ")]
"│ q                                                   │ │⌚ dur 0m   tok/cac 0                    │ " Hidden by multi-width symbols: [(58, " ")]
"│ quit                                                │ │📊 ctx 0                                 │ " Hidden by multi-width symbols: [(58, " ")]
"│↑↓ move · ⏎ select · esc close · type to filter      │ ╰─────────────────────────────────────────╯ "
"│                                                     │                                             "
"│                                                     │ ╭ ▾ context · tokens ─────────────────────╮ "
"│                                                     │ │churn                              cache │ "
"│                                                     │ ╰─────────────────────────────────────────╯ "
"│                                                     │                                             "
"│                                                     │ ╭ ▾ tasks ────────────────────────────────╮ "
"│                                                     │ │no tasks                                 │ "
"└─────────────────────────────────────────────────────┘ ╰─────────────────────────────────────────╯ "
"                                                      █                                             "
"┌ message ─────────────────────────────────────────────────────────────────────────────────────────┐"
"│                                                                                                  │"
"└──────────────────────────────────────────────────────────────────────────────────────────────────┘"
" CHAT                                          ● idle                                   zoom normal "
