---
source: crates/zoid-tui/tests/shell_snapshot.rs
expression: "draw(&s, &seeded(), 100, 24)"
---
"v0.3.2                                          zoid          Esc interrupt · : command · ^P palette"
"┌ ›  ─────────────────────────────────────────────────┐ ╭ ▾ repo ─────────────────────────────────╮ "
"│ New session                                         │ ╰─────────────────────────────────────────╯ "
"│ Resume session…                                     │                                             "
"│ Rename session…                                     │ ╭ ▾ session ──────────────────────────────╮ "
"│ Delegate task…                                      │ │🟢 (unnamed)                             │ " Hidden by multi-width symbols: [(58, " ")]
"│ Import mode from URL…                               │ ╰─────────────────────────────────────────╯ "
"│ Update mode…                                        │                                             "
"│ Switch to Build                                     │ ╭ ▾ context · tokens ─────────────────────╮ "
"│ Reload modes                                        │ │churn                              cache │ "
"│ Toggle repo drawer                                  │ ╰─────────────────────────────────────────╯ "
"│ Toggle session drawer                               │                                             "
"│ Toggle context drawer                               │ ╭ ▾ tasks ────────────────────────────────╮ "
"│ Open settings                                       │ │no tasks                                 │ "
"│ MCP servers…                                        │ ╰─────────────────────────────────────────╯ "
"│ Keyboard shortcuts…                                 │                                             "
"│ Submit feedback…                                    │ ╭ ▾ subagents ────────────────────────────╮ "
"│ Enable companion                                    │ │none                                     │ "
"└─────────────────────────────────────────────────────┘ ╰─────────────────────────────────────────╯ "
"                                                      █                                             "
"┌ message ─────────────────────────────────────────────────────────────────────────────────────────┐"
"│                                                                                                  │"
"└──────────────────────────────────────────────────────────────────────────────────────────────────┘"
" CHAT                           ⊟ compact     ● idle      ◐ tool                        zoom normal "
