---
source: crates/zoid-tui/tests/shell_snapshot.rs
expression: "draw(&s, &seeded(), 100, 24)"
---
"                                                                                                    "
"  00:00 › what's causing the 500?                       ╭ ▾ repo ─────────────────────────────────╮ "
"                                                        │repo   ⎇ main                            │ "
"  00:00 zoid an unwrapped lookup in the handler.        ╰─────────────────────────────────────────╯ "
"                                                                                                    "
"                                                        ╭ ▾ session ──────────────────────────────╮ "
"                                                        │(unnamed)                                │ "
"                                                        │ ·                                       │ "
"                                                        │dur 0m   tok 0                           │ "
"                                                        │ctx 0                                    │ "
"                                                        ╰─────────────────────────────────────────╯ "
"                                                                                                    "
"                                                        ╭ ▾ context · tokens ─────────────────────╮ "
"                                                        │churn                              cache │ "
"                                                        ╰─────────────────────────────────────────╯ "
"                                                                                                    "
"                                                        ╭ ▾ tasks ────────────────────────────────╮ "
"                                                        │no tasks                                 │ "
"                                                        ╰─────────────────────────────────────────╯ "
"                                                                                                    "
"┌ message ─────────────────────────────────────────────────────────────────────────────────────────┐"
"│                                                                                                  │"
"└──────────────────────────────────────────────────────────────────────────────────────────────────┘"
":build▌                                                                                             "
