---
source: crates/zoid-tui/tests/shell_snapshot.rs
expression: "draw(&s, &[], 100, 24)"
---
" zoid  BUILD  ⎇ main                                                                                "
"                                                                       ▾ ⑤ context · tokens  ^5     "
"  ◐ BUILD mode                                                           context economy · P3       "
"  The autonomous loop arrives in P6.                                                                "
"  ⇧Tab / :chat → back to Chat                                                                       "
"                                                                                                    "
"                                                                                                    "
"                                                                       ▸ files  ^F                  "
"                                                                                                    "
"                                                                       ▸ branch  ^B                 "
"                                                                                                    "
"                                                                       ▸ palette  ^P                "
"                                                                                                    "
"                                                                                                    "
"                                                                                                    "
"                                                                                                    "
"                                                                                                    "
"                                                                                                    "
"                                                                                                    "
"                                                                                                    "
"┌ message ─────────────────────────────────────────────────────────────────────────────────────────┐"
"│                                                                                                  │"
"└──────────────────────────────────────────────────────────────────────────────────────────────────┘"
" BUILD  phase —/— · esc → Chat                                                                      "
