---
source: crates/zoid-tui/tests/shell_snapshot.rs
expression: "draw(&s, &[], 100, 24)"
---
" zoid  BUILD  ⎇ main                                                                                "
"                                                        ▾ context · tokens                          "
"  ◐ BUILD mode                                           churn                                      "
"  The autonomous loop arrives in P6.                     [x] evict cold                           0 "
"  ⇧Tab / :chat → back to Chat                                                                       "
"                                                                                                    "
"                                                                                                    "
"                                                                                                    "
"                                                                                                    "
"                                                        ▸ files                                     "
"                                                                                                    "
"                                                        ▸ branch                                    "
"                                                                                                    "
"                                                                                                    "
"                                                                                                    "
"                                                                                                    "
"                                                                                                    "
"                                                                                                    "
"                                                                                                    "
"                                                                                                    "
"┌ message ─────────────────────────────────────────────────────────────────────────────────────────┐"
"│                                                                                                  │"
"└──────────────────────────────────────────────────────────────────────────────────────────────────┘"
" BUILD  phase —/— · esc → Chat                                                                      "
