---
source: crates/zoid-tui/tests/shell_snapshot.rs
expression: rendered
---
"                                                            "
"                                                            "
"                                                            "
"                                                            "
"                                                            "
"                                                            "
"                                                            "
"                                                            "
"                                                            "
"      ⚠ Terminal too small — resize to at least 160×40      "
"                                                            "
"                                                            "
"                                                            "
"                                                            "
"                                                            "
"                                                            "
"                                                            "
"                                                            "
