---
source: crates/zoid-tui/tests/shell_snapshot.rs
expression: out
---
"                                                                                                    "
"┌ ›  ─────────────────────────────────────────────────┐ ╭ ▾ repo ─────────────────────────────────╮ "
"│ ↺ Resume session…  this repo, most-recent first  ⏎  │ │repo   ⎇ main                            │ "
"│ ✎ Rename session…  rename the current thread  :renam│ │worktree (none)                          │ "
"│MODE                                                 │ │changes +0 -0 · 0 files                  │ "
"│ ⇢ Switch to Build  continue this conversation into t│ ╰─────────────────────────────────────────╯ "
"│BRANCH ⎇                                             │                                             "
"│ ⎇ Fork from here  new branch at this turn  :fork    │ ╭ ▾ session ──────────────────────────────╮ "
"│ ⤺ Undo last turn  move head back  u                 │ │(unnamed)                                │ "
"│CONTEXT                                              │ │ ·                                       │ "
"│ ● Pin file to context  coming soon                  │ │dur 0m   tok 0                           │ "
"│ ✕ Evict cold items  coming soon                     │ │ctx 0                                    │ "
"│SETTINGS                                             │ │cwd                                      │ "
"│ ◆ Open settings  provider · model · economy · secret│ ╰─────────────────────────────────────────╯ "
"│ ◆ Quit zoid  exit  ^C                               │                                             "
"└─────────────────────────────────────────────────────┘                                             "
"┌ message ─────────────────────────────────────────────────────────────────────────────────────────┐"
"│                                                                                                  │"
"└──────────────────────────────────────────────────────────────────────────────────────────────────┘"
" CHAT  zoom normal · ^P palette                                                              ● idle "
