---
source: crates/zoid-tui/tests/shell_snapshot.rs
expression: "draw(&s, &seeded(), 100, 24)"
---
" zoid ● idle                                                                                        "
"┌ › build ────────────────────────────────────────────┐ chat rail                                   "
"│SESSION                                              │ ▾ repo                                      "
"│ + New session  fresh thread + clean context budget  │  repo   ⎇ main                              "
"│ ↺ Resume session…  this repo, most-recent first  ⏎  │  worktree (none)                            "
"│ ✎ Rename session…  rename the current thread  :renam│  changes +0 -0 · 0 files                    "
"│MODE                                                 │                                             "
"│ ⇢ Switch to Build  continue this conversation into t│ ▾ session                                   "
"│BRANCH ⎇ · POST-V1                                   │  (unnamed)                                  "
"│ ⎇ Fork from here  new branch at this turn  :fork    │   ·                                         "
"│ ⤺ Undo last turn  move head back  u                 │  dur 0m   tok 0                             "
"│NAVIGATE                                             │  ctx 0                                      "
"│ ▤ Open files drawer  browse the working tree  ^F    │  cwd                                        "
"│ ⎇ Open branch drawer  current branch  ^B            │                                             "
"│CONTEXT ⑤ · P3                                       │ ▾ ⑤ context · tokens                        "
"│ ● Pin file to context  lands in P3                  │  churn                                      "
"│ ✕ Evict cold items  lands in P3                     │  [x] evict cold                           0 "
"│SETTINGS                                             │                                             "
"└─────────────────────────────────────────────────────┘                                             "
"                                                                                                    "
"┌ message ─────────────────────────────────────────────────────────────────────────────────────────┐"
"│                                                                                                  │"
"└──────────────────────────────────────────────────────────────────────────────────────────────────┘"
" CHAT  zoom normal · ^P palette                                                                     "
