---
source: crates/zoid-tui/tests/shell_snapshot.rs
expression: "draw(&s, &seeded(), 100, 24)"
---
"v0.3.2                                          zoid          Esc interrupt · : command · ^P palette"
"  00:00 › what's causing the 500?                     █ ╭ ▾ repo ─────────────────────────────────╮ "
"                                                      █ │📦 repo   ⎇ main                         │ " Hidden by multi-width symbols: [(58, " ")]
"  00:00 zoid an unwrapped lookup in the handler.      █ ╰─────────────────────────────────────────╯ "
"                                                      █                                             "
"                                                      █ ╭ ▸ session ──────────────────────────────╮ "
"                                                      █ ╰─────────────────────────────────────────╯ "
"                                                      █                                             "
"                                                      █ ╭ ▾ context · tokens ─────────────────────╮ "
"                                                      █ │churn                              cache │ "
"                                                      █ ╰─────────────────────────────────────────╯ "
"                                                      █                                             "
"                                                      █ ╭ ▾ tasks ────────────────────────────────╮ "
"                                                      █ │no tasks                                 │ "
"                                                      █ ╰─────────────────────────────────────────╯ "
"                                                      █                                             "
"                                                      █ ╭ ▾ subagents ────────────────────────────╮ "
"                                                      █ │none                                     │ "
"                                                      █ ╰─────────────────────────────────────────╯ "
"                                                      █                                             "
"┌ message ─────────────────────────────────────────────────────────────────────────────────────────┐"
"│                                                                                                  │"
"└──────────────────────────────────────────────────────────────────────────────────────────────────┘"
" CHAT                           ⊟ compact     ● idle      ◐ tool                        zoom normal "
