---
source: crates/zoid-tui/tests/shell_snapshot.rs
expression: "draw_econ(&s, &seeded_economy(), &seeded(), 140, 24)"
---
"v0.3.2                                                              zoid                              Esc interrupt · : command · ^P palette"
"  00:00 › what's causing the 500?                                                             █ ╭ ▾ repo ─────────────────────────────────╮ "
"                                                                                              █ ╰─────────────────────────────────────────╯ "
"  00:00 zoid an unwrapped lookup in the handler.                                              █                                             "
"                                                                                              █ ╭ ▾ session ──────────────────────────────╮ "
"                                                                                              █ │🟢 (unnamed)                             │ " Hidden by multi-width symbols: [(98, " ")]
"                                                                                              █ ╰─────────────────────────────────────────╯ "
"                                                                                              █                                             "
"                                                                                              █ ╭ ▾ context · tokens ─────────────────────╮ "
"                                                                                              █ │churn ▂▅▂█▂                   cache ▁▂▄█▃│ "
"                                                                                              █ ╰─────────────────────────────────────────╯ "
"                                                                                              █                                             "
"                                                                                              █ ╭ ▾ tasks ────────────────────────────────╮ "
"                                                                                              █ │no tasks                                 │ "
"                                                                                              █ ╰─────────────────────────────────────────╯ "
"                                                                                              █                                             "
"                                                                                              █ ╭ ▾ subagents ────────────────────────────╮ "
"                                                                                              █ │none                                     │ "
"                                                                                              █ ╰─────────────────────────────────────────╯ "
"                                                                                              █                                             "
"┌ message ─────────────────────────────────────────────────────────────────────────────────────────────────────────────────────────────────┐"
"│                                                                                                                                          │"
"└──────────────────────────────────────────────────────────────────────────────────────────────────────────────────────────────────────────┘"
" CHAT                                               ⊟ compact     ● idle      ◐ tool                                            zoom normal "
