---
source: crates/zoid-tui/tests/shell_snapshot.rs
expression: out
---
" zoid ● idle                                                                                        "
"┌ ›  ─────────────────────────────────────────────────┐ ╭ ▾ repo ─────────────────────────────────╮ "
"│ ↺ Resume session…  this repo, most-recent first  ⏎  │ │repo   ⎇ main                            │ "
"│ ✎ Rename session…  rename the current thread  :renam│ │worktree (none)                          │ "
"│MODE                                                 │ │changes +0 -0 · 0 files                  │ "
"│ ⇢ Switch to Build  continue this conversation into t│ ╰─────────────────────────────────────────╯ "
"│BRANCH ⎇ · POST-V1                                   │                                             "
"│ ⎇ Fork from here  new branch at this turn  :fork    │ ╭ ▾ session ──────────────────────────────╮ "
"│ ⤺ Undo last turn  move head back  u                 │ │(unnamed)                                │ "
"│NAVIGATE                                             │ │ ·                                       │ "
"│ ▸ Toggle repo drawer  repo · branch · changes       │ │dur 0m   tok 0                           │ "
"│ ▸ Toggle session drawer  name · model · cost · cwd  │ │ctx 0                                    │ "
"│ ⑤ Toggle context drawer  tokens · heat · churn      │ │cwd                                      │ "
"│CONTEXT ⑤ · P3                                       │ ╰─────────────────────────────────────────╯ "
"│ ● Pin file to context  lands in P3                  │                                             "
"│ ✕ Evict cold items  lands in P3                     │ ╭ ▾ context · tokens ─────────────────────╮ "
"│SETTINGS                                             │ │churn                                    │ "
"│ ◆ Quit zoid  exit  ^C                               │ │[x] evict cold                          0│ "
"└─────────────────────────────────────────────────────┘ │                                         │ "
"                                                        ╰─────────────────────────────────────────╯ "
"┌ message ─────────────────────────────────────────────────────────────────────────────────────────┐"
"│                                                                                                  │"
"└──────────────────────────────────────────────────────────────────────────────────────────────────┘"
" CHAT  zoom normal · ^P palette                                                                     "
