---
source: crates/zoid-tui/tests/syntax_snapshot.rs
expression: "draw(100, 24)"
---
"fn main() {                                                                                         "
"    let name = "zoid";                                                                              "
"    let n = 42; // answer                                                                           "
"    greet(name, n);                                                                                 "
"}                                                                                                   "
"                                                                                                    "
"                                                                                                    "
"                                                                                                    "
"                                                                                                    "
"                                                                                                    "
"                                                                                                    "
"                                                                                                    "
"                                                                                                    "
"                                                                                                    "
"                                                                                                    "
"                                                                                                    "
"                                                                                                    "
"                                                                                                    "
"                                                                                                    "
"                                                                                                    "
"                                                                                                    "
"                                                                                                    "
"                                                                                                    "
"                                                                                                    "
