---
source: crates/zoid-tui/tests/tasks_snapshot.rs
assertion_line: 118
expression: "draw_at(&s, &many_tasks(4), 100, 19)"
---
"                                                                                                    "
"    (no messages yet)                                   ╭ ▾ repo ─────────────────────────────────╮ "
"                                                        ╰─────────────────────────────────────────╯ "
"                                                                                                    "
"                                                        ╭ ▾ session ──────────────────────────────╮ "
"                                                        │🟢 (unnamed)                             │ " Hidden by multi-width symbols: [(58, " ")]
"                                                        ╰─────────────────────────────────────────╯ "
"                                                                                                    "
"                                                        ╭ ▾ context · tokens ─────────────────────╮ "
"                                                        ╰─────────────────────────────────────────╯ "
"                                                                                                    "
"                                                        ╭ ▾ tasks ────────────────────────────────╮ "
"                                                        │✓ task 0                                 │ "
"                                                        ╰─────────────────────────────────────────╯ "
"                                                                                                    "
"┌ message ─────────────────────────────────────────────────────────────────────────────────────────┐"
"│                                                                                                  │"
"└──────────────────────────────────────────────────────────────────────────────────────────────────┘"
" CHAT  zoom normal · ^P palette                ● idle                                          zoid "
