---
source: crates/zoid-tui/tests/tasks_snapshot.rs
expression: "draw_at(&s, &many_tasks(8), 160, 40)"
---
"                                                                              zoid                                        Esc interrupt · : command · ^P palette"
"    (no messages yet)                                                                                             █ ╭ ▾ repo ─────────────────────────────────╮ "
"                                                                                                                  █ │📦 repo   ⎇ main                         │ " Hidden by multi-width symbols: [(118, " ")]
"                                                                                                                  █ │🔧 worktree (none)                       │ " Hidden by multi-width symbols: [(118, " ")]
"                                                                                                                  █ │📝 changes +0 -0 · 0 files               │ " Hidden by multi-width symbols: [(118, " ")]
"                                                                                                                  █ ╰─────────────────────────────────────────╯ "
"                                                                                                                  █                                             "
"                                                                                                                  █ ╭ ▾ session ──────────────────────────────╮ "
"                                                                                                                  █ │🟢 (unnamed)                             │ " Hidden by multi-width symbols: [(118, " ")]
"                                                                                                                  █ │🤖  ·                                    │ " Hidden by multi-width symbols: [(118, " ")]
"                                                                                                                  █ │⌚ dur 0m   tok/cac 0                    │ " Hidden by multi-width symbols: [(118, " ")]
"                                                                                                                  █ │📊 ctx 0                                 │ " Hidden by multi-width symbols: [(118, " ")]
"                                                                                                                  █ │📁 cwd                                   │ " Hidden by multi-width symbols: [(118, " ")]
"                                                                                                                  █ ╰─────────────────────────────────────────╯ "
"                                                                                                                  █                                             "
"                                                                                                                  █ ╭ ▾ context · tokens ─────────────────────╮ "
"                                                                                                                  █ │churn                              cache │ "
"                                                                                                                  █ │                                         │ "
"                                                                                                                  █ │                                         │ "
"                                                                                                                  █ │                                         │ "
"                                                                                                                  █ │                                         │ "
"                                                                                                                  █ │                                         │ "
"                                                                                                                  █ │                                         │ "
"                                                                                                                  █ ╰─────────────────────────────────────────╯ "
"                                                                                                                  █                                             "
"                                                                                                                  █ ╭ ▾ tasks ────────────────────────────────╮ "
"                                                                                                                  █ │✓ task 0                                 │ "
"                                                                                                                  █ │◐ task 1                                 │ "
"                                                                                                                  █ │☐ task 2                                 │ "
"                                                                                                                  █ │✓ task 3                                 │ "
"                                                                                                                  █ │◐ task 4                                 │ "
"                                                                                                                  █ │☐ task 5                                 │ "
"                                                                                                                  █ │✓ task 6                                 │ "
"                                                                                                                  █ │◐ task 7                                 │ "
"                                                                                                                  █ ╰─────────────────────────────────────────╯ "
"                                                                                                                  █                                             "
"┌ message ─────────────────────────────────────────────────────────────────────────────────────────────────────────────────────────────────────────────────────┐"
"│                                                                                                                                                              │"
"└──────────────────────────────────────────────────────────────────────────────────────────────────────────────────────────────────────────────────────────────┘"
" CHAT                                                         ⊟ compact     ● idle      ◐ tool                                                      zoom normal "
