---
source: crates/zoid-tui/tests/tasks_snapshot.rs
expression: "draw_at(&s, &many_tasks(4), 100, 19)"
---
"                                                zoid                                      ^P palette"
"    (no messages yet)                                 █ ╭ ▾ repo ─────────────────────────────────╮ "
"                                                      █ ╰─────────────────────────────────────────╯ "
"                                                      █                                             "
"                                                      █ ╭ ▾ session ──────────────────────────────╮ "
"                                                      █ │🟢 (unnamed)                             │ " Hidden by multi-width symbols: [(58, " ")]
"                                                      █ ╰─────────────────────────────────────────╯ "
"                                                      █                                             "
"                                                      █ ╭ ▾ context · tokens ─────────────────────╮ "
"                                                      █ ╰─────────────────────────────────────────╯ "
"                                                      █                                             "
"                                                      █ ╭ ▾ tasks ────────────────────────────────╮ "
"                                                      █ │✓ task 0                                 │ "
"                                                      █ ╰─────────────────────────────────────────╯ "
"                                                      █                                             "
"┌ message ─────────────────────────────────────────────────────────────────────────────────────────┐"
"│                                                                                                  │"
"└──────────────────────────────────────────────────────────────────────────────────────────────────┘"
" CHAT                                          ● idle                                   zoom normal "
