---
source: crates/zoid-tui/tests/tasks_snapshot.rs
expression: "draw(&s, &items)"
---
"                                                                                                    "
"    (no messages yet)                                   ╭ ▾ repo ─────────────────────────────────╮ "
"                                                        │repo   ⎇ main                            │ "
"                                                        │worktree (none)                          │ "
"                                                        ╰─────────────────────────────────────────╯ "
"                                                                                                    "
"                                                        ╭ ▾ session ──────────────────────────────╮ "
"                                                        │(unnamed)                                │ "
"                                                        │ ·                                       │ "
"                                                        │dur 0m   tok 0                           │ "
"                                                        │ctx 0                                    │ "
"                                                        │cwd                                      │ "
"                                                        ╰─────────────────────────────────────────╯ "
"                                                                                                    "
"                                                        ╭ ▾ context · tokens ─────────────────────╮ "
"                                                        │churn                              cache │ "
"                                                        │                                         │ "
"                                                        │                                         │ "
"                                                        │                                         │ "
"                                                        │                                         │ "
"                                                        ╰─────────────────────────────────────────╯ "
"                                                                                                    "
"                                                        ╭ ▾ tasks ────────────────────────────────╮ "
"                                                        │☐ write plan                             │ "
"                                                        │◐ implement drawer                       │ "
"                                                        │✓ read brief                             │ "
"                                                        ╰─────────────────────────────────────────╯ "
"                                                                                                    "
"┌ message ─────────────────────────────────────────────────────────────────────────────────────────┐"
"│                                                                                                  │"
"└──────────────────────────────────────────────────────────────────────────────────────────────────┘"
" CHAT  zoom normal · ^P palette                                                              ● idle "
