---
source: crates/zoid-tui/tests/tasks_snapshot.rs
expression: "draw(&s, &[])"
---
"v0.3.0                                          zoid          Esc interrupt · : command · ^P palette"
"    (no messages yet)                                 █ ╭ ▾ repo ─────────────────────────────────╮ "
"                                                      █ │📦 repo   ⎇ main                         │ " Hidden by multi-width symbols: [(58, " ")]
"                                                      █ │🔧 worktree (none)                       │ " Hidden by multi-width symbols: [(58, " ")]
"                                                      █ ╰─────────────────────────────────────────╯ "
"                                                      █                                             "
"                                                      █ ╭ ▾ session ──────────────────────────────╮ "
"                                                      █ │🟢 (unnamed)                             │ " Hidden by multi-width symbols: [(58, " ")]
"                                                      █ │🤖  ·                                    │ " Hidden by multi-width symbols: [(58, " ")]
"                                                      █ │⌚ tok 0  tps 0                          │ " Hidden by multi-width symbols: [(58, " ")]
"                                                      █ │📊 ctx 0                                 │ " Hidden by multi-width symbols: [(58, " ")]
"                                                      █ │📁 cwd                                   │ " Hidden by multi-width symbols: [(58, " ")]
"                                                      █ ╰─────────────────────────────────────────╯ "
"                                                      █                                             "
"                                                      █ ╭ ▾ context · tokens ─────────────────────╮ "
"                                                      █ │churn                              cache │ "
"                                                      █ │                                         │ "
"                                                      █ │                                         │ "
"                                                      █ │                                         │ "
"                                                      █ │                                         │ "
"                                                      █ │                                         │ "
"                                                      █ │                                         │ "
"                                                      █ ╰─────────────────────────────────────────╯ "
"                                                      █                                             "
"                                                      █ ╭ ▾ tasks ────────────────────────────────╮ "
"                                                      █ │no tasks                                 │ "
"                                                      █ ╰─────────────────────────────────────────╯ "
"                                                      █                                             "
"┌ message ─────────────────────────────────────────────────────────────────────────────────────────┐"
"│                                                                                                  │"
"└──────────────────────────────────────────────────────────────────────────────────────────────────┘"
" CHAT                           ⊟ compact     ● idle      ◐ tool                        zoom normal "
