---
source: crates/zoid-tui/tests/tasks_snapshot.rs
expression: "draw_at(&s, &many_tasks(8), 160, 40)"
---
"                                                                                                                                                                "
"    (no messages yet)                                                                                               ╭ ▾ repo ─────────────────────────────────╮ "
"                                                                                                                    │repo   ⎇ main                            │ "
"                                                                                                                    │worktree (none)                          │ "
"                                                                                                                    │changes +0 -0 · 0 files                  │ "
"                                                                                                                    ╰─────────────────────────────────────────╯ "
"                                                                                                                                                                "
"                                                                                                                    ╭ ▾ session ──────────────────────────────╮ "
"                                                                                                                    │(unnamed)                                │ "
"                                                                                                                    │ ·                                       │ "
"                                                                                                                    │dur 0m   tok 0                           │ "
"                                                                                                                    │ctx 0                                    │ "
"                                                                                                                    │cwd                                      │ "
"                                                                                                                    ╰─────────────────────────────────────────╯ "
"                                                                                                                                                                "
"                                                                                                                    ╭ ▾ context · tokens ─────────────────────╮ "
"                                                                                                                    │churn                              cache │ "
"                                                                                                                    │                                         │ "
"                                                                                                                    │                                         │ "
"                                                                                                                    │                                         │ "
"                                                                                                                    │                                         │ "
"                                                                                                                    ╰─────────────────────────────────────────╯ "
"                                                                                                                                                                "
"                                                                                                                    ╭ ▾ tasks ────────────────────────────────╮ "
"                                                                                                                    │✓ task 0                                 │ "
"                                                                                                                    │◐ task 1                                 │ "
"                                                                                                                    │☐ task 2                                 │ "
"                                                                                                                    │✓ task 3                                 │ "
"                                                                                                                    │◐ task 4                                 │ "
"                                                                                                                    │☐ task 5                                 │ "
"                                                                                                                    │✓ task 6                                 │ "
"                                                                                                                    │◐ task 7                                 │ "
"                                                                                                                    ╰─────────────────────────────────────────╯ "
"                                                                                                                                                                "
"                                                                                                                                                                "
"                                                                                                                                                                "
"┌ message ─────────────────────────────────────────────────────────────────────────────────────────────────────────────────────────────────────────────────────┐"
"│                                                                                                                                                              │"
"└──────────────────────────────────────────────────────────────────────────────────────────────────────────────────────────────────────────────────────────────┘"
" CHAT  zoom normal · ^P palette                                                                                                                          ● idle "
