---
source: crates/zoid-tui/src/overview.rs
assertion_line: 435
expression: "lines.iter().map(|l|\nl.spans.iter().map(|s|\ns.content.as_ref()).collect::<String>()).collect::<Vec<_>>().join(\"\\n\")"
---
OVERVIEW   session a3f2 · glm-5.2:cloud (ollama) ·…
═══════════════════════════════════════════════════
  54.3k tokens · 64% cache-hit · 3.8s avg turn · 7…
═══════════════════════════════════════════════════
ECONOMY
  input    48.2k
  output   6.1k
  cache    31.0k   hit 64%
  per-turn ▁▂▃▅▇▆▄

TIMING
  turn   last 4.2s   avg 3.8s   p90 7.1s
  provider   ttft 0.6s   stream 3.1s
  iterations   3 avg / turn

TOOLS
  read_file  ×14  avg 12ms
  shell      ×6   avg 240ms
  edit_file  ×3   avg 18ms

RUNTIME
  frame   avg 7ms   p90 11ms   max 16ms
  cache-hit   98%   (body render)
  projections rebuilt   42
  event log   1,204 events

───────────────────────────────────────────────────
ERRORS (2)
  ⚠ 12m provider  HTTP 429: rate limited
  ⛔ 3m shell  exit 1: ./deploy.sh: no such file
